Component: ARM Compiler 5.06 update 1 (build 61) Tool: armlink [4d35a8]

==============================================================================

Section Cross References

    startup_stm32f103xe.o(RESET) refers to startup_stm32f103xe.o(STACK) for __initial_sp
    startup_stm32f103xe.o(RESET) refers to startup_stm32f103xe.o(.text) for Reset_Handler
    startup_stm32f103xe.o(RESET) refers to stm32f1xx_it.o(i.NMI_Handler) for NMI_Handler
    startup_stm32f103xe.o(RESET) refers to stm32f1xx_it.o(i.HardFault_Handler) for HardFault_Handler
    startup_stm32f103xe.o(RESET) refers to stm32f1xx_it.o(i.MemManage_Handler) for MemManage_Handler
    startup_stm32f103xe.o(RESET) refers to stm32f1xx_it.o(i.BusFault_Handler) for BusFault_Handler
    startup_stm32f103xe.o(RESET) refers to stm32f1xx_it.o(i.UsageFault_Handler) for UsageFault_Handler
    startup_stm32f103xe.o(RESET) refers to port.o(.emb_text) for SVC_Handler
    startup_stm32f103xe.o(RESET) refers to stm32f1xx_it.o(i.DebugMon_Handler) for DebugMon_Handler
    startup_stm32f103xe.o(RESET) refers to port.o(i.SysTick_Handler) for SysTick_Handler
    startup_stm32f103xe.o(RESET) refers to stm32f1xx_it.o(i.DMA1_Channel1_IRQHandler) for DMA1_Channel1_IRQHandler
    startup_stm32f103xe.o(RESET) refers to stm32f1xx_it.o(i.DMA1_Channel5_IRQHandler) for DMA1_Channel5_IRQHandler
    startup_stm32f103xe.o(RESET) refers to stm32f1xx_it.o(i.DMA1_Channel6_IRQHandler) for DMA1_Channel6_IRQHandler
    startup_stm32f103xe.o(RESET) refers to stm32f1xx_it.o(i.ADC1_2_IRQHandler) for ADC1_2_IRQHandler
    startup_stm32f103xe.o(RESET) refers to stm32f1xx_it.o(i.TIM1_UP_IRQHandler) for TIM1_UP_IRQHandler
    startup_stm32f103xe.o(RESET) refers to stm32f1xx_it.o(i.TIM3_IRQHandler) for TIM3_IRQHandler
    startup_stm32f103xe.o(RESET) refers to stm32f1xx_it.o(i.TIM4_IRQHandler) for TIM4_IRQHandler
    startup_stm32f103xe.o(RESET) refers to stm32f1xx_it.o(i.USART1_IRQHandler) for USART1_IRQHandler
    startup_stm32f103xe.o(RESET) refers to stm32f1xx_it.o(i.USART2_IRQHandler) for USART2_IRQHandler
    startup_stm32f103xe.o(RESET) refers to stm32f1xx_it.o(i.USART3_IRQHandler) for USART3_IRQHandler
    startup_stm32f103xe.o(RESET) refers to stm32f1xx_it.o(i.UART4_IRQHandler) for UART4_IRQHandler
    startup_stm32f103xe.o(RESET) refers to stm32f1xx_it.o(i.UART5_IRQHandler) for UART5_IRQHandler
    startup_stm32f103xe.o(RESET) refers to stm32f1xx_it.o(i.DMA2_Channel3_IRQHandler) for DMA2_Channel3_IRQHandler
    startup_stm32f103xe.o(.text) refers to system_stm32f1xx.o(i.SystemInit) for SystemInit
    startup_stm32f103xe.o(.text) refers to entry.o(.ARM.Collect$$$$00000000) for __main
    key.o(i.Key_GetState) refers to stm32f1xx_hal_gpio.o(i.HAL_GPIO_ReadPin) for HAL_GPIO_ReadPin
    key.o(i.Key_GetState) refers to cmsis_os.o(i.osDelay) for osDelay
    key.o(i.Key_GetState) refers to key.o(i.otherdis) for otherdis
    key.o(i.Key_GetState) refers to lcd19264.o(i.Lcm_GotoXY) for Lcm_GotoXY
    key.o(i.Key_GetState) refers to lcd19264.o(i.Lcm_Wr_Command) for Lcm_Wr_Command
    key.o(i.Key_GetState) refers to key.o(i.ParamSave) for ParamSave
    key.o(i.Key_GetState) refers to lcd19264.o(i.Lcm_Disp_String) for Lcm_Disp_String
    key.o(i.Key_GetState) refers to stm32f1xx_hal.o(i.HAL_Delay) for HAL_Delay
    key.o(i.Key_GetState) refers to memseta.o(.text) for __aeabi_memclr4
    key.o(i.Key_GetState) refers to main.o(i.Drum_Motor) for Drum_Motor
    key.o(i.Key_GetState) refers to main.o(i.DoorOpen_Motor) for DoorOpen_Motor
    key.o(i.Key_GetState) refers to printfa.o(i.__0sprintf) for __2sprintf
    key.o(i.Key_GetState) refers to key.o(.data) for .data
    key.o(i.Key_GetState) refers to main.o(.bss) for stm32_config
    key.o(i.Key_GetState) refers to main.o(.data) for factfpr
    key.o(i.Key_Scan) refers to key.o(i.Key_GetState) for Key_GetState
    key.o(i.Key_Scan) refers to key.o(i.ParamSave) for ParamSave
    key.o(i.Key_Scan) refers to lcd19264.o(i.Lcm_GotoXY) for Lcm_GotoXY
    key.o(i.Key_Scan) refers to lcd19264.o(i.Lcm_Wr_Command) for Lcm_Wr_Command
    key.o(i.Key_Scan) refers to lcd19264.o(i.Lcm_Disp_String) for Lcm_Disp_String
    key.o(i.Key_Scan) refers to stm32f1xx_hal.o(i.HAL_Delay) for HAL_Delay
    key.o(i.Key_Scan) refers to key.o(i.MenuInit) for MenuInit
    key.o(i.Key_Scan) refers to key.o(i.MenuSelectShow) for MenuSelectShow
    key.o(i.Key_Scan) refers to key.o(i.ParamSelect) for ParamSelect
    key.o(i.Key_Scan) refers to key.o(i.ParamSettingAdd) for ParamSettingAdd
    key.o(i.Key_Scan) refers to key.o(i.ParamSettingSub) for ParamSettingSub
    key.o(i.Key_Scan) refers to main.o(i.TIM3_Enable) for TIM3_Enable
    key.o(i.Key_Scan) refers to main.o(.bss) for stm32_config
    key.o(i.Key_Scan) refers to key.o(.data) for .data
    key.o(i.Key_Scan) refers to key.o(.constdata) for .constdata
    key.o(i.Key_Scan) refers to main.o(.data) for CUST_FACT
    key.o(i.Key_Scan) refers to main.o(.data) for Menu
[...]
    DebugMon_Handler                         0x08003aef   Thumb Code     2  stm32f1xx_it.o(i.DebugMon_Handler)
    Defrost                                  0x08003af1   Thumb Code  1076  main.o(i.Defrost)
    Defrosting_Relay                         0x08003f25   Thumb Code    28  main.o(i.Defrosting_Relay)
    Delay_1ms                                0x08003f45   Thumb Code    18  lcd19264.o(i.Delay_1ms)
    DeviceCheck                              0x08003f59   Thumb Code   662  main.o(i.DeviceCheck)
    DiffTimeCalc                             0x08004205   Thumb Code    76  main.o(i.DiffTimeCalc)
    DoorOpen_Motor                           0x08004255   Thumb Code    92  main.o(i.DoorOpen_Motor)
    Drum_Motor                               0x080042b5   Thumb Code   104  main.o(i.Drum_Motor)
    EEPROM_CheckOk                           0x08004321   Thumb Code    22  bsp_eeprom.o(i.EEPROM_CheckOk)
    EEPROM_ReadBytes                         0x08004339   Thumb Code   108  bsp_eeprom.o(i.EEPROM_ReadBytes)
    EEPROM_WriteBytes                        0x080043a5   Thumb Code   116  bsp_eeprom.o(i.EEPROM_WriteBytes)
    ESP32_BLE                                0x08004419   Thumb Code  1834  esp32.o(i.ESP32_BLE)
    ESP32_Test                               0x08004ba9   Thumb Code  4330  esp32.o(i.ESP32_Test)
    Error_Handler                            0x08005d7d   Thumb Code     6  main.o(i.Error_Handler)
    Fan                                      0x08005d99   Thumb Code   318  main.o(i.Fan)
    Freeze                                   0x08005ee9   Thumb Code   510  main.o(i.Freeze)
    GetDiffTime                              0x08006131   Thumb Code    40  main.o(i.GetDiffTime)
    GetRTCTimer                              0x08006159   Thumb Code    64  main.o(i.GetRTCTimer)
    HAL_ADCEx_Calibration_Start              0x080061a5   Thumb Code   194  stm32f1xx_hal_adc_ex.o(i.HAL_ADCEx_Calibration_Start)
    HAL_ADCEx_InjectedConvCpltCallback       0x0800626d   Thumb Code     2  stm32f1xx_hal_adc_ex.o(i.HAL_ADCEx_InjectedConvCpltCallback)
    HAL_ADC_ConfigChannel                    0x08006271   Thumb Code   240  stm32f1xx_hal_adc.o(i.HAL_ADC_ConfigChannel)
    HAL_ADC_ConvCpltCallback                 0x0800636d   Thumb Code     2  stm32f1xx_hal_adc.o(i.HAL_ADC_ConvCpltCallback)
    HAL_ADC_ConvHalfCpltCallback             0x0800636f   Thumb Code     2  stm32f1xx_hal_adc.o(i.HAL_ADC_ConvHalfCpltCallback)
    HAL_ADC_ErrorCallback                    0x08006371   Thumb Code     2  stm32f1xx_hal_adc.o(i.HAL_ADC_ErrorCallback)
    HAL_ADC_IRQHandler                       0x08006373   Thumb Code   230  stm32f1xx_hal_adc.o(i.HAL_ADC_IRQHandler)
    HAL_ADC_Init                             0x08006459   Thumb Code   276  stm32f1xx_hal_adc.o(i.HAL_ADC_Init)
    HAL_ADC_LevelOutOfWindowCallback         0x0800657d   Thumb Code     2  stm32f1xx_hal_adc.o(i.HAL_ADC_LevelOutOfWindowCallback)
    HAL_ADC_MspInit                          0x08006581   Thumb Code   168  adc.o(i.HAL_ADC_MspInit)
    HAL_ADC_Start_DMA                        0x08006641   Thumb Code   246  stm32f1xx_hal_adc.o(i.HAL_ADC_Start_DMA)
    HAL_DMA_Abort                            0x0800674d   Thumb Code    70  stm32f1xx_hal_dma.o(i.HAL_DMA_Abort)
    HAL_DMA_Abort_IT                         0x08006795   Thumb Code   296  stm32f1xx_hal_dma.o(i.HAL_DMA_Abort_IT)
    HAL_DMA_IRQHandler                       0x080068c5   Thumb Code   552  stm32f1xx_hal_dma.o(i.HAL_DMA_IRQHandler)
    HAL_DMA_Init                             0x08006b0d   Thumb Code   112  stm32f1xx_hal_dma.o(i.HAL_DMA_Init)
    HAL_DMA_Start_IT                         0x08006b89   Thumb Code   112  stm32f1xx_hal_dma.o(i.HAL_DMA_Start_IT)
    HAL_Delay                                0x08006bf9   Thumb Code    32  stm32f1xx_hal.o(i.HAL_Delay)
    HAL_GPIO_Init                            0x08006c1d   Thumb Code   462  stm32f1xx_hal_gpio.o(i.HAL_GPIO_Init)
    HAL_GPIO_ReadPin                         0x08006e15   Thumb Code    10  stm32f1xx_hal_gpio.o(i.HAL_GPIO_ReadPin)
    HAL_GPIO_WritePin                        0x08006e1f   Thumb Code    10  stm32f1xx_hal_gpio.o(i.HAL_GPIO_WritePin)
    HAL_GetTick                              0x08006e29   Thumb Code     6  stm32f1xx_hal.o(i.HAL_GetTick)
    HAL_IncTick                              0x08006e35   Thumb Code    12  stm32f1xx_hal.o(i.HAL_IncTick)
    HAL_Init                                 0x08006e45   Thumb Code    32  stm32f1xx_hal.o(i.HAL_Init)
    HAL_InitTick                             0x08006e69   Thumb Code    98  stm32f1xx_hal_timebase_tim.o(i.HAL_InitTick)
    HAL_MspInit                              0x08006edd   Thumb Code    62  stm32f1xx_hal_msp.o(i.HAL_MspInit)
    HAL_NVIC_EnableIRQ                       0x08006f25   Thumb Code    26  stm32f1xx_hal_cortex.o(i.HAL_NVIC_EnableIRQ)
    HAL_NVIC_SetPriority                     0x08006f41   Thumb Code    60  stm32f1xx_hal_cortex.o(i.HAL_NVIC_SetPriority)
    HAL_NVIC_SetPriorityGrouping             0x08006f81   Thumb Code    26  stm32f1xx_hal_cortex.o(i.HAL_NVIC_SetPriorityGrouping)
    HAL_PWR_EnableBkUpAccess                 0x08006fa5   Thumb Code     8  stm32f1xx_hal_pwr.o(i.HAL_PWR_EnableBkUpAccess)
    HAL_RCCEx_GetPeriphCLKFreq               0x08006fb1   Thumb Code   180  stm32f1xx_hal_rcc_ex.o(i.HAL_RCCEx_GetPeriphCLKFreq)
    HAL_RCCEx_PeriphCLKConfig                0x08007085   Thumb Code   224  stm32f1xx_hal_rcc_ex.o(i.HAL_RCCEx_PeriphCLKConfig)
    HAL_RCC_ClockConfig                      0x08007171   Thumb Code   280  stm32f1xx_hal_rcc.o(i.HAL_RCC_ClockConfig)
    HAL_RCC_GetClockConfig                   0x0800729d   Thumb Code    54  stm32f1xx_hal_rcc.o(i.HAL_RCC_GetClockConfig)
    HAL_RCC_GetPCLK1Freq                     0x080072dd   Thumb Code    20  stm32f1xx_hal_rcc.o(i.HAL_RCC_GetPCLK1Freq)
    HAL_RCC_GetPCLK2Freq                     0x080072fd   Thumb Code    20  stm32f1xx_hal_rcc.o(i.HAL_RCC_GetPCLK2Freq)
    HAL_RCC_GetSysClockFreq                  0x0800731d   Thumb Code    74  stm32f1xx_hal_rcc.o(i.HAL_RCC_GetSysClockFreq)
    HAL_RCC_OscConfig                        0x08007389   Thumb Code   778  stm32f1xx_hal_rcc.o(i.HAL_RCC_OscConfig)
    HAL_RTC_GetDate                          0x080076a9   Thumb Code    78  stm32f1xx_hal_rtc.o(i.HAL_RTC_GetDate)
    HAL_RTC_GetTime                          0x080076f7   Thumb Code   216  stm32f1xx_hal_rtc.o(i.HAL_RTC_GetTime)
    HAL_RTC_Init                             0x080077d1   Thumb Code   154  stm32f1xx_hal_rtc.o(i.HAL_RTC_Init)
    HAL_RTC_MspInit                          0x08007871   Thumb Code    40  rtc.o(i.HAL_RTC_MspInit)
    HAL_RTC_SetDate                          0x080078a5   Thumb Code   192  stm32f1xx_hal_rtc.o(i.HAL_RTC_SetDate)
    HAL_RTC_SetTime                          0x08007969   Thumb Code   168  stm32f1xx_hal_rtc.o(i.HAL_RTC_SetTime)
    HAL_RTC_WaitForSynchro                   0x08007a15   Thumb Code    58  stm32f1xx_hal_rtc.o(i.HAL_RTC_WaitForSynchro)
    HAL_SPI_Init                             0x08007a4f   Thumb Code   124  stm32f1xx_hal_spi.o(i.HAL_SPI_Init)
    HAL_SPI_MspInit                          0x08007acd   Thumb Code    98  spi.o(i.HAL_SPI_MspInit)
    HAL_TIMEx_BreakCallback                  0x08007b3d   Thumb Code     2  stm32f1xx_hal_tim_ex.o(i.HAL_TIMEx_BreakCallback)
    HAL_TIMEx_CommutCallback                 0x08007b3f   Thumb Code     2  stm32f1xx_hal_tim_ex.o(i.HAL_TIMEx_CommutCallback)
    HAL_TIMEx_MasterConfigSynchronization    0x08007b41   Thumb Code    66  stm32f1xx_hal_tim_ex.o(i.HAL_TIMEx_MasterConfigSynchronization)
    HAL_TIM_Base_Init                        0x08007b83   Thumb Code    54  stm32f1xx_hal_tim.o(i.HAL_TIM_Base_Init)
    HAL_TIM_Base_MspInit                     0x08007bb9   Thumb Code   108  tim.o(i.HAL_TIM_Base_MspInit)
    HAL_TIM_Base_Start_IT                    0x08007c35   Thumb Code    34  stm32f1xx_hal_tim.o(i.HAL_TIM_Base_Start_IT)
    HAL_TIM_Base_Stop_IT                     0x08007c57   Thumb Code    42  stm32f1xx_hal_tim.o(i.HAL_TIM_Base_Stop_IT)
    HAL_TIM_ConfigClockSource                0x08007c81   Thumb Code   214  stm32f1xx_hal_tim.o(i.HAL_TIM_ConfigClockSource)
    HAL_TIM_IC_CaptureCallback               0x08007d57   Thumb Code     2  stm32f1xx_hal_tim.o(i.HAL_TIM_IC_CaptureCallback)
    HAL_TIM_IRQHandler                       0x08007d59   Thumb Code   358  stm32f1xx_hal_tim.o(i.HAL_TIM_IRQHandler)
    HAL_TIM_OC_DelayElapsedCallback          0x08007ebf   Thumb Code     2  stm32f1xx_hal_tim.o(i.HAL_TIM_OC_DelayElapsedCallback)
    HAL_TIM_PWM_PulseFinishedCallback        0x08007ec1   Thumb Code     2  stm32f1xx_hal_tim.o(i.HAL_TIM_PWM_PulseFinishedCallback)
    HAL_TIM_PeriodElapsedCallback            0x08007ec5   Thumb Code   674  main.o(i.HAL_TIM_PeriodElapsedCallback)
    HAL_TIM_TriggerCallback                  0x08008191   Thumb Code     2  stm32f1xx_hal_tim.o(i.HAL_TIM_TriggerCallback)
    HAL_UART_DMAStop                         0x08008193   Thumb Code    88  stm32f1xx_hal_uart.o(i.HAL_UART_DMAStop)
    HAL_UART_ErrorCallback                   0x080081eb   Thumb Code     2  stm32f1xx_hal_uart.o(i.HAL_UART_ErrorCallback)
    HAL_UART_IRQHandler                      0x080081ed   Thumb Code   266  stm32f1xx_hal_uart.o(i.HAL_UART_IRQHandler)
    HAL_UART_Init                            0x080082fd   Thumb Code    98  stm32f1xx_hal_uart.o(i.HAL_UART_Init)
    HAL_UART_MspInit                         0x08008361   Thumb Code   652  usart.o(i.HAL_UART_MspInit)
    HAL_UART_Receive                         0x08008621   Thumb Code   184  stm32f1xx_hal_uart.o(i.HAL_UART_Receive)
    HAL_UART_Receive_DMA                     0x080086d9   Thumb Code   138  stm32f1xx_hal_uart.o(i.HAL_UART_Receive_DMA)
    HAL_UART_RxCpltCallback                  0x08008771   Thumb Code     2  main.o(i.HAL_UART_RxCpltCallback)
    HAL_UART_RxHalfCpltCallback              0x08008773   Thumb Code     2  stm32f1xx_hal_uart.o(i.HAL_UART_RxHalfCpltCallback)
    HAL_UART_Transmit                        0x08008775   Thumb Code   186  stm32f1xx_hal_uart.o(i.HAL_UART_Transmit)
    HAL_UART_TxCpltCallback                  0x0800882f   Thumb Code     2  stm32f1xx_hal_uart.o(i.HAL_UART_TxCpltCallback)
    HardFault_Handler                        0x08008831   Thumb Code     2  stm32f1xx_it.o(i.HardFault_Handler)
    I2C_Ack                                  0x08008835   Thumb Code    66  bsp_eeprom.o(i.I2C_Ack)
    I2C_CheckDevice                          0x0800887d   Thumb Code    76  bsp_eeprom.o(i.I2C_CheckDevice)
    I2C_NAck                                 0x080088dd   Thumb Code    52  bsp_eeprom.o(i.I2C_NAck)
    I2C_ReadByte                             0x08008915   Thumb Code    78  bsp_eeprom.o(i.I2C_ReadByte)
    I2C_SendByte                             0x08008969   Thumb Code    98  bsp_eeprom.o(i.I2C_SendByte)
    I2C_Start                                0x080089d1   Thumb Code    64  bsp_eeprom.o(i.I2C_Start)
    I2C_Stop                                 0x08008a15   Thumb Code    46  bsp_eeprom.o(i.I2C_Stop)
    I2C_WaitAck                              0x08008a49   Thumb Code    70  bsp_eeprom.o(i.I2C_WaitAck)
    Key_GetState                             0x08008a95   Thumb Code   820  key.o(i.Key_GetState)
    Key_Scan                                 0x08008e01   Thumb Code   430  key.o(i.Key_Scan)
    Lcm_Disp_String                          0x08008fdd   Thumb Code    20  lcd19264.o(i.Lcm_Disp_String)
    Lcm_GotoXY                               0x08008ff1   Thumb Code    58  lcd19264.o(i.Lcm_GotoXY)
    Lcm_Init                                 0x08009031   Thumb Code   102  lcd19264.o(i.Lcm_Init)
    Lcm_Wr_Command                           0x08009097   Thumb Code    42  lcd19264.o(i.Lcm_Wr_Command)
    Lcm_Wr_Data                              0x080090c1   Thumb Code    42  lcd19264.o(i.Lcm_Wr_Data)
    Lift_Motor                               0x080090ed   Thumb Code    92  main.o(i.Lift_Motor)
    MX_ADC1_Init                             0x08009151   Thumb Code   196  adc.o(i.MX_ADC1_Init)
    MX_DMA_Init                              0x0800921d   Thumb Code   104  dma.o(i.MX_DMA_Init)
    MX_FREERTOS_Init                         0x08009289   Thumb Code   118  freertos.o(i.MX_FREERTOS_Init)
    MX_GPIO_Init                             0x08009309   Thumb Code   366  gpio.o(i.MX_GPIO_Init)
    MX_RTC_Init                              0x08009491   Thumb Code   108  rtc.o(i.MX_RTC_Init)
    MX_SPI1_Init                             0x08009505   Thumb Code    62  spi.o(i.MX_SPI1_Init)
    MX_TIM3_Init                             0x0800954d   Thumb Code    94  tim.o(i.MX_TIM3_Init)
    MX_TIM4_Init                             0x080095b5   Thumb Code    94  tim.o(i.MX_TIM4_Init)
    MX_TIM6_Init                             0x0800961d   Thumb Code    60  tim.o(i.MX_TIM6_Init)
    MX_UART4_Init                            0x08009661   Thumb Code    48  usart.o(i.MX_UART4_Init)
    MX_UART5_Init                            0x08009699   Thumb Code    48  usart.o(i.MX_UART5_Init)
    MX_USART1_UART_Init                      0x080096d1   Thumb Code    48  usart.o(i.MX_USART1_UART_Init)
    MX_USART2_UART_Init                      0x08009709   Thumb Code    48  usart.o(i.MX_USART2_UART_Init)
    MX_USART3_UART_Init                      0x08009741   Thumb Code    48  usart.o(i.MX_USART3_UART_Init)
    MemManage_Handler                        0x08009779   Thumb Code     2  stm32f1xx_it.o(i.MemManage_Handler)
    MenuInit                                 0x0800977d   Thumb Code    16  key.o(i.MenuInit)
    MenuSelectShow                           0x08009791   Thumb Code 13864  key.o(i.MenuSelectShow)
    NMI_Handler                              0x0800ce3d   Thumb Code     2  stm32f1xx_it.o(i.NMI_Handler)
    Ohm_Temp                                 0x0800ce41   Thumb Code 14622  main.o(i.Ohm_Temp)
    ParamRead                                0x080108bd   Thumb Code  1326  key.o(i.ParamRead)
    ParamSave                                0x08010df1   Thumb Code  1436  key.o(i.ParamSave)
    ParamSelect                              0x0801139d   Thumb Code   694  key.o(i.ParamSelect)
    ParamSettingAdd                          0x08011699   Thumb Code  3814  key.o(i.ParamSettingAdd)
    ParamSettingSub                          0x08012589   Thumb Code  3492  key.o(i.ParamSettingSub)
    Query376Interrupt                        0x0801332d   Thumb Code    26  usart.o(i.Query376Interrupt)
    RTCTimeUpdate                            0x0801334d   Thumb Code    26  main.o(i.RTCTimeUpdate)
    Read_Parameter                           0x0801358d   Thumb Code   548  main.o(i.Read_Parameter)
    SIO                                      0x08013805   Thumb Code    20  lcd19264.o(i.SIO)
    SafeRemoveDisk                           0x0801381d   Thumb Code    62  host.o(i.SafeRemoveDisk)
    Scan                                     0x08013861   Thumb Code   708  main.o(i.Scan)
    Send_Data                                0x08013bbd   Thumb Code  3132  esp32.o(i.Send_Data)
    Senddata                                 0x08014881   Thumb Code   192  lcd19264.o(i.Senddata)
    ShowTemp                                 0x08014945   Thumb Code   816  main.o(i.ShowTemp)
    StartData_RX_TX_Task                     0x08014c9d   Thumb Code    20  freertos.o(i.StartData_RX_TX_Task)
    StartDefrostTask                         0x08014cb5   Thumb Code    24  freertos.o(i.StartDefrostTask)
    StartDeviceCheckTask                     0x08014cd1   Thumb Code    20  freertos.o(i.StartDeviceCheckTask)
    StartFreezeTask                          0x08014ce9   Thumb Code    24  freertos.o(i.StartFreezeTask)
    StartTempShowask                         0x08014d05   Thumb Code    24  freertos.o(i.StartTempShowask)
    StringCompare                            0x08014d21   Thumb Code  4690  esp32.o(i.StringCompare)
    StringCompare_s                          0x080160e5   Thumb Code  2016  esp32.o(i.StringCompare_s)
    Switching_Value                          0x080168cd   Thumb Code   996  main.o(i.Switching_Value)
    SysTick_Handler                          0x08016da9   Thumb Code    38  port.o(i.SysTick_Handler)
    SystemClock_Config                       0x08016dd5   Thumb Code   134  main.o(i.SystemClock_Config)
    SystemInit                               0x08016e5d   Thumb Code    56  system_stm32f1xx.o(i.SystemInit)
    TIM1_UP_IRQHandler                       0x08016ea5   Thumb Code     6  stm32f1xx_it.o(i.TIM1_UP_IRQHandler)
    TIM3_Enable                              0x08016eb1   Thumb Code     6  main.o(i.TIM3_Enable)
    TIM3_IRQHandler                          0x08016ebd   Thumb Code     6  stm32f1xx_it.o(i.TIM3_IRQHandler)
    TIM4_IRQHandler                          0x08016ec9   Thumb Code     6  stm32f1xx_it.o(i.TIM4_IRQHandler)
    TIM_Base_SetConfig                       0x08016ed5   Thumb Code   120  stm32f1xx_hal_tim.o(i.TIM_Base_SetConfig)
    TIM_ETR_SetConfig                        0x08016f61   Thumb Code    20  stm32f1xx_hal_tim.o(i.TIM_ETR_SetConfig)
    Temperature_Alarm                        0x08016fcd   Thumb Code   168  main.o(i.Temperature_Alarm)
    UART4_IRQHandler                         0x08017079   Thumb Code    18  stm32f1xx_it.o(i.UART4_IRQHandler)
    UART5_IRQHandler                         0x08017091   Thumb Code     6  stm32f1xx_it.o(i.UART5_IRQHandler)
    UDiskRemove                              0x08017381   Thumb Code    34  main.o(i.UDiskRemove)
    USART1_IRQHandler                        0x080173b5   Thumb Code    18  stm32f1xx_it.o(i.USART1_IRQHandler)
    USART2_IRQHandler                        0x080173cd   Thumb Code    18  stm32f1xx_it.o(i.USART2_IRQHandler)
    USART3_IRQHandler                        0x080173e5   Thumb Code     6  stm32f1xx_it.o(i.USART3_IRQHandler)
    Uart4_Printf                             0x080173f1   Thumb Code    52  usart.o(i.Uart4_Printf)
    Uart_RX_TX                               0x08017429   Thumb Code    54  main.o(i.Uart_RX_TX)
    UsageFault_Handler                       0x08017469   Thumb Code     2  stm32f1xx_it.o(i.UsageFault_Handler)
    Usart2_Printf                            0x0801746d   Thumb Code    52  usart.o(i.Usart2_Printf)
    Usart3_Printf                            0x080174a5   Thumb Code     2  usart.o(i.Usart3_Printf)
    UsartReceive_IDLE1                       0x080174a9   Thumb Code    64  usart.o(i.UsartReceive_IDLE1)
    UsartReceive_IDLE2                       0x080174f1   Thumb Code    64  usart.o(i.UsartReceive_IDLE2)
    UsartReceive_IDLE4                       0x0801753d   Thumb Code    60  usart.o(i.UsartReceive_IDLE4)
    Vaporization_Relay                       0x08017581   Thumb Code    82  main.o(i.Vaporization_Relay)
    Wait376Interrupt                         0x080175f9   Thumb Code    32  file_sys.o(i.Wait376Interrupt)
    __0printf                                0x0801761d   Thumb Code    22  printfa.o(i.__0printf)
    __1printf                                0x0801761d   Thumb Code     0  printfa.o(i.__0printf)
    __2printf                                0x0801761d   Thumb Code     0  printfa.o(i.__0printf)
    __c89printf                              0x0801761d   Thumb Code     0  printfa.o(i.__0printf)
    printf                                   0x0801761d   Thumb Code     0  printfa.o(i.__0printf)
    __0sprintf                               0x0801763d   Thumb Code    34  printfa.o(i.__0sprintf)
    __1sprintf                               0x0801763d   Thumb Code     0  printfa.o(i.__0sprintf)
    __2sprintf                               0x0801763d   Thumb Code     0  printfa.o(i.__0sprintf)
    __c89sprintf                             0x0801763d   Thumb Code     0  printfa.o(i.__0sprintf)
    sprintf                                  0x0801763d   Thumb Code     0  printfa.o(i.__0sprintf)
    __0vsprintf                              0x08017665   Thumb Code    30  printfa.o(i.__0vsprintf)
    __1vsprintf                              0x08017665   Thumb Code     0  printfa.o(i.__0vsprintf)
    __2vsprintf                              0x08017665   Thumb Code     0  printfa.o(i.__0vsprintf)
    __c89vsprintf                            0x08017665   Thumb Code     0  printfa.o(i.__0vsprintf)
    vsprintf                                 0x08017665   Thumb Code     0  printfa.o(i.__0vsprintf)
    __aeabi_errno_addr                       0x080176a9   Thumb Code     4  errno.o(i.__aeabi_errno_addr)
    __rt_errno_addr                          0x080176a9   Thumb Code     0  errno.o(i.__aeabi_errno_addr)
    __read_errno                             0x080176b1   Thumb Code     6  errno.o(i.__read_errno)
    __scatterload_copy                       0x080176bd   Thumb Code    14  handlers.o(i.__scatterload_copy)
    __scatterload_null                       0x080176cb   Thumb Code     2  handlers.o(i.__scatterload_null)
    __scatterload_zeroinit                   0x080176cd   Thumb Code    14  handlers.o(i.__scatterload_zeroinit)
    __set_errno                              0x080176dd   Thumb Code     6  errno.o(i.__set_errno)
    _is_digit                                0x0801784d   Thumb Code    14  scanf_fp.o(i._is_digit)
    atof                                     0x08017f95   Thumb Code    42  atof.o(i.atof)
    fputc                                    0x08017fc1   Thumb Code    20  usart.o(i.fputc)
    mInitCH376Host                           0x08017fd9   Thumb Code   132  host.o(i.mInitCH376Host)
    main                                     0x08018061   Thumb Code   414  main.o(i.main)
    osDelay                                  0x08018259   Thumb Code    14  cmsis_os.o(i.osDelay)
    osKernelStart                            0x08018267   Thumb Code    10  cmsis_os.o(i.osKernelStart)
    osThreadCreate                           0x08018271   Thumb Code    46  cmsis_os.o(i.osThreadCreate)
    otherdis                                 0x080182a1   Thumb Code   700  key.o(i.otherdis)
    p31_p32                                  0x08018675   Thumb Code   656  key.o(i.p31_p32)
    pvPortMalloc                             0x08018c2d   Thumb Code   210  heap_4.o(i.pvPortMalloc)
    pxPortInitialiseStack                    0x08018d05   Thumb Code    32  port.o(i.pxPortInitialiseStack)
    readUdisk                                0x08018d29   Thumb Code  1064  main.o(i.readUdisk)
    task_Defrost                             0x08019151   Thumb Code    28  main.o(i.task_Defrost)
    task_DeviceCheck                         0x08019171   Thumb Code    14  main.o(i.task_DeviceCheck)
    task_Freeze                              0x08019181   Thumb Code    24  main.o(i.task_Freeze)
    task_RX_TX                               0x0801919d   Thumb Code     4  main.o(i.task_RX_TX)
    task_TempShow                            0x080191a1   Thumb Code    32  main.o(i.task_TempShow)
    usb_test                                 0x080191c5   Thumb Code    44  main.o(i.usb_test)
    uxListRemove                             0x080191f5   Thumb Code    38  list.o(i.uxListRemove)
    vApplicationStackOverflowHook            0x0801921b   Thumb Code     2  freertos.o(i.vApplicationStackOverflowHook)
    vListInitialise                          0x0801921d   Thumb Code    22  list.o(i.vListInitialise)
    vListInitialiseItem                      0x08019233   Thumb Code     6  list.o(i.vListInitialiseItem)
    vListInsert                              0x08019239   Thumb Code    48  list.o(i.vListInsert)
    vListInsertEnd                           0x08019269   Thumb Code    24  list.o(i.vListInsertEnd)
    vPortEnterCritical                       0x08019281   Thumb Code    54  port.o(i.vPortEnterCritical)
    vPortExitCritical                        0x080192c1   Thumb Code    34  port.o(i.vPortExitCritical)
    vPortFree                                0x080192e9   Thumb Code    88  heap_4.o(i.vPortFree)
    vPortSetupTimerInterrupt                 0x08019345   Thumb Code    32  port.o(i.vPortSetupTimerInterrupt)
    vTaskDelay                               0x08019369   Thumb Code    66  tasks.o(i.vTaskDelay)
    vTaskStartScheduler                      0x080193b5   Thumb Code    86  tasks.o(i.vTaskStartScheduler)
    vTaskSuspendAll                          0x0801941d   Thumb Code    10  tasks.o(i.vTaskSuspendAll)
    vTaskSwitchContext                       0x0801942d   Thumb Code   106  tasks.o(i.vTaskSwitchContext)
    writeUDisk                               0x080194a1   Thumb Code   520  main.o(i.writeUDisk)
    xPortStartScheduler                      0x080196e5   Thumb Code   154  port.o(i.xPortStartScheduler)
    xReadCH376Data                           0x0801978d   Thumb Code    28  usart.o(i.xReadCH376Data)
    xTaskCreate                              0x080197ad   Thumb Code    86  tasks.o(i.xTaskCreate)
    xTaskIncrementTick                       0x08019805   Thumb Code   192  tasks.o(i.xTaskIncrementTick)
    xTaskResumeAll                           0x080198cd   Thumb Code   182  tasks.o(i.xTaskResumeAll)
    xWriteCH376Cmd                           0x08019991   Thumb Code    54  usart.o(i.xWriteCH376Cmd)
    xWriteCH376Data                          0x080199cd   Thumb Code    16  usart.o(i.xWriteCH376Data)
    AHBPrescTable                            0x08019a64   Data          16  system_stm32f1xx.o(.constdata)
    APBPrescTable                            0x08019a74   Data           8  system_stm32f1xx.o(.constdata)
    __ctype_table                            0x08019d1c   Data         129  ctype_o.o(.constdata)
    Region$$Table$$Base                      0x0801a618   Number         0  anon$$obj.o(Region$$Table)
    Region$$Table$$Limit                     0x0801a638   Number         0  anon$$obj.o(Region$$Table)
    qiehuan                                  0x20000002   Data           1  key.o(.data)
    p31_0                                    0x20000003   Data           1  key.o(.data)
    p31_1                                    0x20000004   Data           1  key.o(.data)
    p31_2                                    0x20000005   Data           1  key.o(.data)
    p31_3                                    0x20000006   Data           1  key.o(.data)
    p31_4                                    0x20000007   Data           1  key.o(.data)
    p31_5                                    0x20000008   Data           1  key.o(.data)
    p31_6                                    0x20000009   Data           1  key.o(.data)
    p31_7                                    0x2000000a   Data           1  key.o(.data)
    p31_8                                    0x2000000b   Data           1  key.o(.data)
    p31_9                                    0x2000000c   Data           1  key.o(.data)
    p31_10                                   0x2000000d   Data           1  key.o(.data)
    p31_11                                   0x2000000e   Data           1  key.o(.data)
    p31_12                                   0x2000000f   Data           1  key.o(.data)
    p31_13                                   0x20000010   Data           1  key.o(.data)
    p31_14                                   0x20000011   Data           1  key.o(.data)
    p32_0                                    0x20000012   Data           1  key.o(.data)
    p32_1                                    0x20000013   Data           1  key.o(.data)
    p32_2                                    0x20000014   Data           1  key.o(.data)
    p32_3                                    0x20000015   Data           1  key.o(.data)
    p32_4                                    0x20000016   Data           1  key.o(.data)
    p32_5                                    0x20000017   Data           1  key.o(.data)
    p32_6                                    0x20000018   Data           1  key.o(.data)
    p32_7                                    0x20000019   Data           1  key.o(.data)
    p32_8                                    0x2000001a   Data           1  key.o(.data)
    p32_9                                    0x2000001b   Data           1  key.o(.data)
    p32_10                                   0x2000001c   Data           1  key.o(.data)
    p32_11                                   0x2000001d   Data           1  key.o(.data)
    p32_12                                   0x2000001e   Data           1  key.o(.data)
    p32_13                                   0x2000001f   Data           1  key.o(.data)
    p32_14                                   0x20000020   Data           1  key.o(.data)
    jiaozhunkey                              0x20000021   Data           1  key.o(.data)
    test                                     0x20000028   Data           2  key.o(.data)
    save                                     0x20000048   Data          10  key.o(.data)
    dash_number0                             0x20000052   Data          11  key.o(.data)
    dash_number1                             0x2000005d   Data          13  key.o(.data)
    dash_number2                             0x2000006a   Data          12  key.o(.data)
    dash_number3                             0x20000076   Data          11  key.o(.data)
    signlcd                                  0x20000081   Data           1  lcd19264.o(.data)
    bSystemInitOk                            0x20000084   Data           1  main.o(.data)
    Menu                                     0x20000085   Data           1  main.o(.data)
    jiaozhun                                 0x20000086   Data           1  main.o(.data)
    Record_High_Temp                         0x20000097   Data           1  main.o(.data)
    Record_Low_Temp                          0x20000098   Data           1  main.o(.data)
    Record_Evap_Probe_alarm                  0x20000099   Data           1  main.o(.data)
    Record_Refri_Probe_alarm                 0x2000009a   Data           1  main.o(.data)
    Down_finish                              0x2000009b   Data           1  main.o(.data)
    chongxin                                 0x200000a0   Data           1  main.o(.data)
    bedefrost                                0x200000a1   Data           1  main.o(.data)
    alarmsign                                0x200000a2   Data           1  main.o(.data)
    whiledown                                0x200000a3   Data           1  main.o(.data)
    Downjiaozhun                             0x200000a7   Data           1  main.o(.data)
    udiskread                                0x200000b3   Data           1  main.o(.data)
    ssada                                    0x200000b9   Data           1  main.o(.data)
    sensordoor                               0x200000ba   Data           1  main.o(.data)
    nodoor                                   0x200000bb   Data           1  main.o(.data)
    outdoor                                  0x200000bc   Data           1  main.o(.data)
    c_sensor                                 0x200000bd   Data           1  main.o(.data)
    v_sensor                                 0x200000be   Data           1  main.o(.data)
    moren_par                                0x200000bf   Data           1  main.o(.data)
    Down                                     0x200000ca   Data           2  main.o(.data)
    Up                                       0x200000cc   Data           2  main.o(.data)
    Standby                                  0x200000d0   Data           2  main.o(.data)
    delaytime                                0x200000d2   Data           2  main.o(.data)
    delaytt                                  0x200000dc   Data           2  main.o(.data)
    delaytt1                                 0x200000de   Data           2  main.o(.data)
    custal                                   0x200000ea   Data           3  main.o(.data)
    factfpr                                  0x200000ed   Data           3  main.o(.data)
    weight                                   0x200000f0   Data           4  main.o(.data)
    DiffTime                                 0x200000f4   Data           4  main.o(.data)
    Measuing                                 0x200000f8   Data           4  main.o(.data)
    Vapor_T                                  0x20000104   Data           4  main.o(.data)
    Case_T                                   0x20000108   Data           4  main.o(.data)
    Case_T_HSD                               0x2000010c   Data           4  main.o(.data)
    Vapor_T_HSD                              0x20000110   Data           4  main.o(.data)
    smallwei                                 0x20000150   Data           4  main.o(.data)
    factal                                   0x20000184   Data           5  main.o(.data)
    custdis                                  0x20000189   Data           6  main.o(.data)
    custdef                                  0x20000190   Data           6  main.o(.data)
    custfan                                  0x20000196   Data           6  main.o(.data)
    CUST_FACT                                0x2000026e   Data           1  main.o(.data)
    Record_Door_Opening_alarm                0x2000026f   Data           1  main.o(.data)
    Data_RX_TX_TaskHandle                    0x20000270   Data           4  freertos.o(.data)
    TempShowaskHandle                        0x20000274   Data           4  freertos.o(.data)
    FreezeTaskHandle                         0x20000278   Data           4  freertos.o(.data)
    DefrostTaskHandle                        0x2000027c   Data           4  freertos.o(.data)
    DeviceCheckTaskHandle                    0x20000280   Data           4  freertos.o(.data)
    currentTime                              0x20000284   Data           3  rtc.o(.data)
    currentDate                              0x20000287   Data           4  rtc.o(.data)
    timestamp                                0x2000028c   Data           4  rtc.o(.data)
    uwTickFreq                               0x20000290   Data           1  stm32f1xx_hal.o(.data)
    uwTickPrio                               0x20000294   Data           4  stm32f1xx_hal.o(.data)
    uwTick                                   0x20000298   Data           4  stm32f1xx_hal.o(.data)
    SystemCoreClock                          0x2000029c   Data           4  system_stm32f1xx.o(.data)
    pxCurrentTCB                             0x200002a0   Data           4  tasks.o(.data)
    US2                                      0x20000300   Data           1  esp32.o(.data)
    P22                                      0x20000301   Data           1  esp32.o(.data)
    od2                                      0x20000302   Data           1  esp32.o(.data)
    AC2                                      0x20000303   Data           1  esp32.o(.data)
    Cy2                                      0x20000304   Data           1  esp32.o(.data)
    Cn2                                      0x20000305   Data           1  esp32.o(.data)
    CF2                                      0x20000306   Data           1  esp32.o(.data)
    rE2                                      0x20000307   Data           1  esp32.o(.data)
    Ld2                                      0x20000308   Data           1  esp32.o(.data)
    dy2                                      0x20000309   Data           1  esp32.o(.data)
    d12                                      0x2000030a   Data           1  esp32.o(.data)
    d22                                      0x2000030b   Data           1  esp32.o(.data)
    P012                                     0x2000030c   Data           1  esp32.o(.data)
    td2                                      0x2000030d   Data           1  esp32.o(.data)
    id2                                      0x2000030e   Data           1  esp32.o(.data)
    Md2                                      0x2000030f   Data           1  esp32.o(.data)
    dd2                                      0x20000310   Data           1  esp32.o(.data)
    dF2                                      0x20000311   Data           1  esp32.o(.data)
    dt2                                      0x20000312   Data           1  esp32.o(.data)
    dP2                                      0x20000313   Data           1  esp32.o(.data)
    Fd2                                      0x20000314   Data           1  esp32.o(.data)
    FS2                                      0x20000315   Data           1  esp32.o(.data)
    FAd2                                     0x20000316   Data           1  esp32.o(.data)
    Fn2                                      0x20000317   Data           1  esp32.o(.data)
    FF2                                      0x20000318   Data           1  esp32.o(.data)
    AU2                                      0x20000319   Data           1  esp32.o(.data)
    AL2                                      0x2000031a   Data           1  esp32.o(.data)
    Ad2                                      0x2000031b   Data           1  esp32.o(.data)
    dA2                                      0x2000031c   Data           1  esp32.o(.data)
    P102                                     0x2000031d   Data           1  esp32.o(.data)
    P112                                     0x2000031e   Data           1  esp32.o(.data)
    P182                                     0x2000031f   Data           1  esp32.o(.data)
    P192                                     0x20000320   Data           1  esp32.o(.data)
    P212                                     0x20000321   Data           1  esp32.o(.data)
    P222                                     0x20000322   Data           1  esp32.o(.data)
    P232                                     0x20000323   Data           1  esp32.o(.data)
    P262                                     0x20000324   Data           1  esp32.o(.data)
    P282                                     0x20000325   Data           1  esp32.o(.data)
    P292                                     0x20000326   Data           1  esp32.o(.data)
    P302                                     0x20000327   Data           1  esp32.o(.data)
    LS2                                      0x2000032c   Data           2  esp32.o(.data)
    dAd2                                     0x2000032e   Data           2  esp32.o(.data)
    dE2                                      0x20000330   Data           2  esp32.o(.data)
    dad2                                     0x20000332   Data           2  esp32.o(.data)
    P132                                     0x20000334   Data           2  esp32.o(.data)
    P142                                     0x20000336   Data           2  esp32.o(.data)
    P162                                     0x20000338   Data           2  esp32.o(.data)
    P172                                     0x2000033a   Data           2  esp32.o(.data)
    recelow                                  0x2000033e   Data           2  esp32.o(.data)
    recehigh                                 0x20000340   Data           2  esp32.o(.data)
    receeva                                  0x20000342   Data           2  esp32.o(.data)
    receref                                  0x20000344   Data           2  esp32.o(.data)
    recedoor                                 0x20000346   Data           2  esp32.o(.data)
    DC2                                      0x20000348   Data           2  esp32.o(.data)
    CC2                                      0x2000034a   Data           2  esp32.o(.data)
    SC2                                      0x2000034c   Data           2  esp32.o(.data)
    MC2                                      0x2000034e   Data           2  esp32.o(.data)
    LC2                                      0x20000350   Data           2  esp32.o(.data)
    DrTQ2                                    0x20000352   Data           2  esp32.o(.data)
    DTQ2                                     0x20000354   Data           2  esp32.o(.data)
    FTO2                                     0x20000356   Data           2  esp32.o(.data)
    DTO2                                     0x20000358   Data           2  esp32.o(.data)
    CL2                                      0x2000035a   Data           2  esp32.o(.data)
    CP2                                      0x2000035c   Data           2  esp32.o(.data)
    RE2                                      0x2000035e   Data           2  esp32.o(.data)
    P02_P2                                   0x20000360   Data           2  esp32.o(.data)
    DT_P2                                    0x20000362   Data           2  esp32.o(.data)
    RT_P2                                    0x20000364   Data           2  esp32.o(.data)
    PA12                                     0x2000036a   Data           2  esp32.o(.data)
    PA22                                     0x2000036c   Data           2  esp32.o(.data)
    St2                                      0x20000370   Data           4  esp32.o(.data)
    Hy2                                      0x20000374   Data           4  esp32.o(.data)
    ot2                                      0x20000378   Data           4  esp32.o(.data)
    oE2                                      0x2000037c   Data           4  esp32.o(.data)
    total                                    0x200004e0   Data           2  host.o(.data)
    Udisk                                    0x200004e2   Data           2  host.o(.data)
    NewSize                                  0x200004e4   Data           4  host.o(.data)
    __stdout                                 0x200004ec   Data           4  stdout.o(.data)
    AdcBuf                                   0x200004f4   Data          14  main.o(.bss)
    custdsp                                  0x2000057a   Data          32  main.o(.bss)
    custvs                                   0x2000059a   Data          24  main.o(.bss)
    custcp                                   0x200005b4   Data          16  main.o(.bss)
    factcp                                   0x200005c4   Data          32  main.o(.bss)
    factdis                                  0x200005e4   Data          76  main.o(.bss)
    factdef                                  0x20000630   Data          10  main.o(.bss)
    factfan                                  0x2000063a   Data          10  main.o(.bss)
    factdsp                                  0x20000644   Data          30  main.o(.bss)
    stm32_config                             0x20000662   Data          16  main.o(.bss)
    hadc1                                    0x20000674   Data          48  adc.o(.bss)
    hdma_adc1                                0x200006a4   Data          68  adc.o(.bss)
    currTime                                 0x200006e8   Data          44  rtc.o(.bss)
    timestamp_buf                            0x20000714   Data          16  rtc.o(.bss)
    hrtc                                     0x20000724   Data          20  rtc.o(.bss)
    hspi1                                    0x20000738   Data          88  spi.o(.bss)
    htim3                                    0x20000790   Data          64  tim.o(.bss)
    htim4                                    0x200007d0   Data          64  tim.o(.bss)
    htim6                                    0x20000810   Data          64  tim.o(.bss)
    UsartReceiveType1                        0x20000850   Data        1030  usart.o(.bss)
    UsartReceiveType2                        0x20000c58   Data        4104  usart.o(.bss)
    UsartReceiveType4                        0x20001c60   Data        1030  usart.o(.bss)
    USART2_TX_BUF                            0x20002066   Data        1024  usart.o(.bss)
    UART4_TX_BUF                             0x20002466   Data        1024  usart.o(.bss)
    UART5_TX_BUF                             0x20002866   Data        1024  usart.o(.bss)
    huart4                                   0x20002c68   Data          64  usart.o(.bss)
    huart5                                   0x20002ca8   Data          64  usart.o(.bss)
    huart1                                   0x20002ce8   Data          64  usart.o(.bss)
    huart2                                   0x20002d28   Data          64  usart.o(.bss)
    huart3                                   0x20002d68   Data          64  usart.o(.bss)
    hdma_uart4_rx                            0x20002da8   Data          68  usart.o(.bss)
    hdma_usart1_rx                           0x20002dec   Data          68  usart.o(.bss)
    hdma_usart2_rx                           0x20002e30   Data          68  usart.o(.bss)
    htim1                                    0x20002e74   Data          64  stm32f1xx_hal_timebase_tim.o(.bss)
    gWriteBuffer                             0x2000897c   Data         256  at24cxx.o(.bss)
    gReadBuffer                              0x20008a7c   Data         256  at24cxx.o(.bss)
    P312                                     0x20008b7c   Data          30  esp32.o(.bss)
    P322                                     0x20008b9a   Data          30  esp32.o(.bss)
    recetemp                                 0x20009c8a   Data          20  esp32.o(.bss)
    receupweight                             0x20009c9e   Data          10  esp32.o(.bss)
    recedrum                                 0x20009ca8   Data          10  esp32.o(.bss)
    receout                                  0x20009cb2   Data          10  esp32.o(.bss)
    rececom                                  0x20009cbc   Data          10  esp32.o(.bss)
    recevap                                  0x20009cc6   Data          10  esp32.o(.bss)
    recedef                                  0x20009cd0   Data          10  esp32.o(.bss)
    LongName1                                0x20009cda   Data          30  host.o(.bss)
    LongName2                                0x20009cf8   Data          70  host.o(.bss)
    ShortName                                0x20009d3e   Data          15  host.o(.bss)
    ReadConfigName                           0x20009d4d   Data          12  host.o(.bss)
    buf                                      0x20009d59   Data          64  host.o(.bss)
    __initial_sp                             0x2000a5a0   Data           0  startup_stm32f103xe.o(STACK)



==============================================================================

Memory Map of the image

  Image Entry point : 0x08000131

  Load Region LR_IROM1 (Base: 0x08000000, Size: 0x0001ab2c, Max: 0x00080000, ABSOLUTE, COMPRESSED[0x0001a7a0])

    Execution Region ER_IROM1 (Base: 0x08000000, Size: 0x0001a638, Max: 0x00080000, ABSOLUTE)

    Base Addr    Size         Type   Attr      Idx    E Section Name        Object

    0x08000000   0x00000130   Data   RO            3    RESET               startup_stm32f103xe.o
    0x08000130   0x00000000   Code   RO         6509  * .ARM.Collect$$$$00000000  mc_w.l(entry.o)
    0x08000130   0x00000004   Code   RO         6836    .ARM.Collect$$$$00000001  mc_w.l(entry2.o)
    0x08000134   0x00000004   Code   RO         6839    .ARM.Collect$$$$00000004  mc_w.l(entry5.o)
    0x08000138   0x00000000   Code   RO         6841    .ARM.Collect$$$$00000008  mc_w.l(entry7b.o)
    0x08000138   0x00000000   Code   RO         6843    .ARM.Collect$$$$0000000A  mc_w.l(entry8b.o)
    0x08000138   0x00000008   Code   RO         6844    .ARM.Collect$$$$0000000B  mc_w.l(entry9a.o)
    0x08000140   0x00000000   Code   RO         6846    .ARM.Collect$$$$0000000D  mc_w.l(entry10a.o)
    0x08000140   0x00000000   Code   RO         6848    .ARM.Collect$$$$0000000F  mc_w.l(entry11a.o)
    0x08000140   0x00000004   Code   RO         6837    .ARM.Collect$$$$00002712  mc_w.l(entry2.o)
    0x08000144   0x00000096   Code   RO         5829    .emb_text           port.o
    0x080001da   0x00000002   PAD
    0x080001dc   0x00000024   Code   RO            4    .text               startup_stm32f103xe.o
    0x08000200   0x00000020   Code   RO         6512    .text               mc_w.l(llushr.o)
    0x08000220   0x00000024   Code   RO         6517    .text               mc_w.l(memcpya.o)
    0x08000244   0x00000024   Code   RO         6521    .text               mc_w.l(memseta.o)
    0x08000268   0x00000024   Code   RO         6523    .text               mc_w.l(strstr.o)
    0x0800028c   0x0000000e   Code   RO         6525    .text               mc_w.l(strlen.o)
    0x0800029a   0x0000001a   Code   RO         6527    .text               mc_w.l(memcmp.o)
    0x080002b4   0x00000044   Code   RO         6529    .text               mc_w.l(strtok.o)
    0x080002f8   0x0000001a   Code   RO         6798    .text               mc_w.l(atoi.o)
    0x08000312   0x000000b0   Code   RO         6800    .text               mf_w.l(fadd.o)
    0x080003c2   0x00000064   Code   RO         6802    .text               mf_w.l(fmul.o)
    0x08000426   0x0000007c   Code   RO         6804    .text               mf_w.l(fdiv.o)
    0x080004a2   0x0000014e   Code   RO         6806    .text               mf_w.l(dadd.o)
    0x080005f0   0x000000e4   Code   RO         6808    .text               mf_w.l(dmul.o)
    0x080006d4   0x000000de   Code   RO         6810    .text               mf_w.l(ddiv.o)
    0x080007b2   0x0000002e   Code   RO         6812    .text               mf_w.l(dscalb.o)
    0x080007e0   0x00000012   Code   RO         6814    .text               mf_w.l(fflti.o)
    0x080007f2   0x0000000a   Code   RO         6816    .text               mf_w.l(ffltui.o)
    0x080007fc   0x00000022   Code   RO         6818    .text               mf_w.l(dflti.o)
    0x0800081e   0x0000001a   Code   RO         6820    .text               mf_w.l(dfltui.o)
    0x08000838   0x00000032   Code   RO         6822    .text               mf_w.l(ffixi.o)
    0x0800086a   0x0000003e   Code   RO         6824    .text               mf_w.l(dfixi.o)
    0x080008a8   0x00000026   Code   RO         6826    .text               mf_w.l(f2d.o)
    0x080008ce   0x00000002   PAD
    0x080008d0   0x00000030   Code   RO         6828    .text               mf_w.l(cdcmple.o)
    0x08000900   0x00000038   Code   RO         6830    .text               mf_w.l(d2f.o)
    0x08000938   0x00000014   Code   RO         6832    .text               mf_w.l(cfcmple.o)
    0x0800094c   0x00000014   Code   RO         6834    .text               mf_w.l(cfrcmple.o)
    0x08000960   0x0000002c   Code   RO         6851    .text               mc_w.l(uidiv.o)
    0x0800098c   0x00000062   Code   RO         6853    .text               mc_w.l(uldiv.o)
    0x080009ee   0x0000001e   Code   RO         6855    .text               mc_w.l(llshl.o)
    0x08000a0c   0x00000024   Code   RO         6857    .text               mc_w.l(llsshr.o)
    0x08000a30   0x0000009c   Code   RO         6872    .text               mc_w.l(strtod.o)
    0x08000acc   0x00000070   Code   RO         6874    .text               mc_w.l(strtol.o)
    0x08000b3c   0x00000000   Code   RO         6876    .text               mc_w.l(iusefp.o)
    0x08000b3c   0x0000006e   Code   RO         6877    .text               mf_w.l(fepilogue.o)
    0x08000baa   0x000000ba   Code   RO         6879    .text               mf_w.l(depilogue.o)
    0x08000c64   0x00000030   Code   RO         6881    .text               mf_w.l(dfixul.o)
    0x08000c94   0x00000030   Code   RO         6883    .text               mf_w.l(cdrcmple.o)
    0x08000cc4   0x00000024   Code   RO         6885    .text               mc_w.l(init.o)
    0x08000ce8   0x00000008   Code   RO         6889    .text               mc_w.l(ctype_o.o)
    0x08000cf0   0x00000012   Code   RO         6911    .text               mc_w.l(isspace_o.o)
    0x08000d02   0x00000002   PAD
    0x08000d04   0x00000338   Code   RO         6917    .text               mc_w.l(scanf_fp.o)
    0x0800103c   0x00000040   Code   RO         6921    .text               mc_w.l(_sgetc.o)
    0x0800107c   0x0000009e   Code   RO         6923    .text               mc_w.l(_strtoul.o)
    0x0800111a   0x0000001c   Code   RO         6928    .text               mc_w.l(_chval.o)
    0x08001136   0x00000018   Code   RO         6930    .text               mf_w.l(dfltul.o)
    0x0800114e   0x00000056   Code   RO         6940    .text               mc_w.l(__dczerorl2.o)
    0x080011a4   0x0000000c   Code   RO         1310    i.ADC1_2_IRQHandler  stm32f1xx_it.o
    0x080011b0   0x0000004c   Code   RO         1545    i.ADC_ConversionStop_Disable  stm32f1xx_hal_adc.o
    0x080011fc   0x0000004e   Code   RO         1546    i.ADC_DMAConvCplt   stm32f1xx_hal_adc.o
    0x0800124a   0x0000001a   Code   RO         1547    i.ADC_DMAError      stm32f1xx_hal_adc.o
    0x08001264   0x0000000a   Code   RO         1548    i.ADC_DMAHalfConvCplt  stm32f1xx_hal_adc.o
    0x0800126e   0x00000002   PAD
    0x08001270   0x00000070   Code   RO         1549    i.ADC_Enable        stm32f1xx_hal_adc.o
    0x080012e0   0x00000034   Code   RO         5909    i.AT24Cxx_Read      at24cxx.o
    0x08001314   0x00000034   Code   RO         5910    i.AT24Cxx_Write     at24cxx.o
    0x08001348   0x00002354   Code   RO          452    i.Allocation        main.o
    0x0800369c   0x00000002   Code   RO         1311    i.BusFault_Handler  stm32f1xx_it.o
    0x0800369e   0x0000002e   Code   RO         6103    i.CH376ByteLocate   file_sys.o
    0x080036cc   0x00000046   Code   RO         6104    i.CH376ByteRead     file_sys.o
    0x08003712   0x00000046   Code   RO         6105    i.CH376ByteWrite    file_sys.o
    0x08003758   0x00000016   Code   RO         6112    i.CH376DiskConnect  file_sys.o
    0x0800376e   0x00000006   Code   RO         6113    i.CH376DiskMount    file_sys.o
    0x08003774   0x00000008   Code   RO         6119    i.CH376FileClose    file_sys.o
    0x0800377c   0x00000012   Code   RO         6120    i.CH376FileCreate   file_sys.o
    0x0800378e   0x00000032   Code   RO         6121    i.CH376FileCreatePath  file_sys.o
    0x080037c0   0x00000036   Code   RO         6122    i.CH376FileErase    file_sys.o
    0x080037f6   0x00000010   Code   RO         6123    i.CH376FileOpen     file_sys.o
    0x08003806   0x0000004c   Code   RO         6124    i.CH376FileOpenDir  file_sys.o
    0x08003852   0x00000006   Code   RO         6125    i.CH376FileOpenPath  file_sys.o
    0x08003858   0x00000010   Code   RO         6128    i.CH376GetIntStatus  file_sys.o
    0x08003868   0x00000028   Code   RO         6133    i.CH376ReadBlock    file_sys.o
    0x08003890   0x00000016   Code   RO         6139    i.CH376SendCmdDatWaitInt  file_sys.o
    0x080038a6   0x0000000e   Code   RO         6140    i.CH376SendCmdWaitInt  file_sys.o
    0x080038b4   0x0000002c   Code   RO         6141    i.CH376SeparatePath  file_sys.o
    0x080038e0   0x00000032   Code   RO         6142    i.CH376SetFileName  file_sys.o
    0x08003912   0x00000028   Code   RO         6145    i.CH376WriteReqBlock  file_sys.o
    0x0800393a   0x00000002   PAD
    0x0800393c   0x00000018   Code   RO          322    i.CLK               lcd19264.o
    0x08003954   0x00000018   Code   RO          323    i.CLK2              lcd19264.o
    0x0800396c   0x00000018   Code   RO          324    i.CS                lcd19264.o
    0x08003984   0x000000bc   Code   RO          454    i.Check_Ch376sUart2Connect_  main.o
    0x08003a40   0x00000034   Code   RO         6393    i.Check_UdiskConnect  host.o
    0x08003a74   0x00000020   Code   RO          455    i.Compressor_Relay  main.o
    0x08003a94   0x0000000c   Code   RO         1312    i.DMA1_Channel1_IRQHandler  stm32f1xx_it.o
    0x08003aa0   0x0000000c   Code   RO         1313    i.DMA1_Channel5_IRQHandler  stm32f1xx_it.o
    0x08003aac   0x0000000c   Code   RO         1314    i.DMA1_Channel6_IRQHandler  stm32f1xx_it.o
    0x08003ab8   0x0000000c   Code   RO         1315    i.DMA2_Channel3_IRQHandler  stm32f1xx_it.o
    0x08003ac4   0x0000002a   Code   RO         4047    i.DMA_SetConfig     stm32f1xx_hal_dma.o
    0x08003aee   0x00000002   Code   RO         1316    i.DebugMon_Handler  stm32f1xx_it.o
    0x08003af0   0x00000434   Code   RO          456    i.Defrost           main.o
    0x08003f24   0x00000020   Code   RO          457    i.Defrosting_Relay  main.o
    0x08003f44   0x00000012   Code   RO          326    i.Delay_1ms         lcd19264.o
    0x08003f56   0x00000002   PAD
    0x08003f58   0x000002ac   Code   RO          458    i.DeviceCheck       main.o
    0x08004204   0x00000050   Code   RO          459    i.DiffTimeCalc      main.o
    0x08004254   0x00000060   Code   RO          460    i.DoorOpen_Motor    main.o
    0x080042b4   0x0000006c   Code   RO          461    i.Drum_Motor        main.o
    0x08004320   0x00000016   Code   RO         5942    i.EEPROM_CheckOk    bsp_eeprom.o
    0x08004336   0x00000002   PAD
    0x08004338   0x0000006c   Code   RO         5943    i.EEPROM_ReadBytes  bsp_eeprom.o
    0x080043a4   0x00000074   Code   RO         5944    i.EEPROM_WriteBytes  bsp_eeprom.o
    0x08004418   0x00000790   Code   RO         6031    i.ESP32_BLE         esp32.o
    0x08004ba8   0x000011d4   Code   RO         6032    i.ESP32_Test        esp32.o
    0x08005d7c   0x0000001c   Code   RO          462    i.Error_Handler     main.o
    0x08005d98   0x00000150   Code   RO          463    i.Fan               main.o
    0x08005ee8   0x00000248   Code   RO          464    i.Freeze            main.o
    0x08006130   0x00000028   Code   RO          465    i.GetDiffTime       main.o
    0x08006158   0x0000004c   Code   RO          467    i.GetRTCTimer       main.o
    0x080061a4   0x000000c8   Code   RO         1725    i.HAL_ADCEx_Calibration_Start  stm32f1xx_hal_adc_ex.o
    0x0800626c   0x00000002   Code   RO         1727    i.HAL_ADCEx_InjectedConvCpltCallback  stm32f1xx_hal_adc_ex.o
    0x0800626e   0x00000002   PAD
    0x08006270   0x000000fc   Code   RO         1551    i.HAL_ADC_ConfigChannel  stm32f1xx_hal_adc.o
    0x0800636c   0x00000002   Code   RO         1552    i.HAL_ADC_ConvCpltCallback  stm32f1xx_hal_adc.o
    0x0800636e   0x00000002   Code   RO         1553    i.HAL_ADC_ConvHalfCpltCallback  stm32f1xx_hal_adc.o
    0x08006370   0x00000002   Code   RO         1555    i.HAL_ADC_ErrorCallback  stm32f1xx_hal_adc.o
    0x08006372   0x000000e6   Code   RO         1559    i.HAL_ADC_IRQHandler  stm32f1xx_hal_adc.o
    0x08006458   0x00000124   Code   RO         1560    i.HAL_ADC_Init      stm32f1xx_hal_adc.o
    0x0800657c   0x00000002   Code   RO         1561    i.HAL_ADC_LevelOutOfWindowCallback  stm32f1xx_hal_adc.o
    0x0800657e   0x00000002   PAD
    0x08006580   0x000000c0   Code   RO          832    i.HAL_ADC_MspInit   adc.o
    0x08006640   0x0000010c   Code   RO         1567    i.HAL_ADC_Start_DMA  stm32f1xx_hal_adc.o
    0x0800674c   0x00000046   Code   RO         4048    i.HAL_DMA_Abort     stm32f1xx_hal_dma.o
    0x08006792   0x00000002   PAD
    0x08006794   0x00000130   Code   RO         4049    i.HAL_DMA_Abort_IT  stm32f1xx_hal_dma.o
    0x080068c4   0x00000248   Code   RO         4053    i.HAL_DMA_IRQHandler  stm32f1xx_hal_dma.o
    0x08006b0c   0x0000007c   Code   RO         4054    i.HAL_DMA_Init      stm32f1xx_hal_dma.o
    0x08006b88   0x00000070   Code   RO         4058    i.HAL_DMA_Start_IT  stm32f1xx_hal_dma.o
    0x08006bf8   0x00000024   Code   RO         3676    i.HAL_Delay         stm32f1xx_hal.o
    0x08006c1c   0x000001f8   Code   RO         3984    i.HAL_GPIO_Init     stm32f1xx_hal_gpio.o
    0x08006e14   0x0000000a   Code   RO         3986    i.HAL_GPIO_ReadPin  stm32f1xx_hal_gpio.o
    0x08006e1e   0x0000000a   Code   RO         3988    i.HAL_GPIO_WritePin  stm32f1xx_hal_gpio.o
    0x08006e28   0x0000000c   Code   RO         3680    i.HAL_GetTick       stm32f1xx_hal.o
    0x08006e34   0x00000010   Code   RO         3686    i.HAL_IncTick       stm32f1xx_hal.o
    0x08006e44   0x00000024   Code   RO         3687    i.HAL_Init          stm32f1xx_hal.o
    0x08006e68   0x00000074   Code   RO         1470    i.HAL_InitTick      stm32f1xx_hal_timebase_tim.o
    0x08006edc   0x00000048   Code   RO         1446    i.HAL_MspInit       stm32f1xx_hal_msp.o
    0x08006f24   0x0000001a   Code   RO         4144    i.HAL_NVIC_EnableIRQ  stm32f1xx_hal_cortex.o
    0x08006f3e   0x00000002   PAD
    0x08006f40   0x00000040   Code   RO         4150    i.HAL_NVIC_SetPriority  stm32f1xx_hal_cortex.o
    0x08006f80   0x00000024   Code   RO         4151    i.HAL_NVIC_SetPriorityGrouping  stm32f1xx_hal_cortex.o
    0x08006fa4   0x0000000c   Code   RO         4266    i.HAL_PWR_EnableBkUpAccess  stm32f1xx_hal_pwr.o
    0x08006fb0   0x000000d4   Code   RO         3946    i.HAL_RCCEx_GetPeriphCLKFreq  stm32f1xx_hal_rcc_ex.o
    0x08007084   0x000000ec   Code   RO         3947    i.HAL_RCCEx_PeriphCLKConfig  stm32f1xx_hal_rcc_ex.o
    0x08007170   0x0000012c   Code   RO         3844    i.HAL_RCC_ClockConfig  stm32f1xx_hal_rcc.o
    0x0800729c   0x00000040   Code   RO         3848    i.HAL_RCC_GetClockConfig  stm32f1xx_hal_rcc.o
    0x080072dc   0x00000020   Code   RO         3851    i.HAL_RCC_GetPCLK1Freq  stm32f1xx_hal_rcc.o
    0x080072fc   0x00000020   Code   RO         3852    i.HAL_RCC_GetPCLK2Freq  stm32f1xx_hal_rcc.o
    0x0800731c   0x0000006c   Code   RO         3853    i.HAL_RCC_GetSysClockFreq  stm32f1xx_hal_rcc.o
    0x08007388   0x00000320   Code   RO         3856    i.HAL_RCC_OscConfig  stm32f1xx_hal_rcc.o
    0x080076a8   0x0000004e   Code   RO         1826    i.HAL_RTC_GetDate   stm32f1xx_hal_rtc.o
    0x080076f6   0x000000d8   Code   RO         1828    i.HAL_RTC_GetTime   stm32f1xx_hal_rtc.o
    0x080077ce   0x00000002   PAD
    0x080077d0   0x000000a0   Code   RO         1829    i.HAL_RTC_Init      stm32f1xx_hal_rtc.o
    0x08007870   0x00000034   Code   RO          972    i.HAL_RTC_MspInit   rtc.o
    0x080078a4   0x000000c4   Code   RO         1835    i.HAL_RTC_SetDate   stm32f1xx_hal_rtc.o
    0x08007968   0x000000ac   Code   RO         1836    i.HAL_RTC_SetTime   stm32f1xx_hal_rtc.o
    0x08007a14   0x0000003a   Code   RO         1837    i.HAL_RTC_WaitForSynchro  stm32f1xx_hal_rtc.o
    0x08007a4e   0x0000007c   Code   RO         2104    i.HAL_SPI_Init      stm32f1xx_hal_spi.o
    0x08007aca   0x00000002   PAD
    0x08007acc   0x00000070   Code   RO         1035    i.HAL_SPI_MspInit   spi.o
    0x08007b3c   0x00000002   Code   RO         3092    i.HAL_TIMEx_BreakCallback  stm32f1xx_hal_tim_ex.o
    0x08007b3e   0x00000002   Code   RO         3093    i.HAL_TIMEx_CommutCallback  stm32f1xx_hal_tim_ex.o
    0x08007b40   0x00000042   Code   RO         3110    i.HAL_TIMEx_MasterConfigSynchronization  stm32f1xx_hal_tim_ex.o
    0x08007b82   0x00000036   Code   RO         2417    i.HAL_TIM_Base_Init  stm32f1xx_hal_tim.o
    0x08007bb8   0x0000007c   Code   RO         1077    i.HAL_TIM_Base_MspInit  tim.o
    0x08007c34   0x00000022   Code   RO         2422    i.HAL_TIM_Base_Start_IT  stm32f1xx_hal_tim.o
    0x08007c56   0x0000002a   Code   RO         2425    i.HAL_TIM_Base_Stop_IT  stm32f1xx_hal_tim.o
    0x08007c80   0x000000d6   Code   RO         2426    i.HAL_TIM_ConfigClockSource  stm32f1xx_hal_tim.o
    0x08007d56   0x00000002   Code   RO         2446    i.HAL_TIM_IC_CaptureCallback  stm32f1xx_hal_tim.o
    0x08007d58   0x00000166   Code   RO         2460    i.HAL_TIM_IRQHandler  stm32f1xx_hal_tim.o
    0x08007ebe   0x00000002   Code   RO         2463    i.HAL_TIM_OC_DelayElapsedCallback  stm32f1xx_hal_tim.o
    0x08007ec0   0x00000002   Code   RO         2490    i.HAL_TIM_PWM_PulseFinishedCallback  stm32f1xx_hal_tim.o
    0x08007ec2   0x00000002   PAD
    0x08007ec4   0x000002cc   Code   RO          469    i.HAL_TIM_PeriodElapsedCallback  main.o
    0x08008190   0x00000002   Code   RO         2503    i.HAL_TIM_TriggerCallback  stm32f1xx_hal_tim.o
    0x08008192   0x00000058   Code   RO         3362    i.HAL_UART_DMAStop  stm32f1xx_hal_uart.o
    0x080081ea   0x00000002   Code   RO         3364    i.HAL_UART_ErrorCallback  stm32f1xx_hal_uart.o
    0x080081ec   0x00000110   Code   RO         3367    i.HAL_UART_IRQHandler  stm32f1xx_hal_uart.o
    0x080082fc   0x00000062   Code   RO         3368    i.HAL_UART_Init     stm32f1xx_hal_uart.o
    0x0800835e   0x00000002   PAD
    0x08008360   0x000002c0   Code   RO         1138    i.HAL_UART_MspInit  usart.o
    0x08008620   0x000000b8   Code   RO         3371    i.HAL_UART_Receive  stm32f1xx_hal_uart.o
    0x080086d8   0x00000098   Code   RO         3372    i.HAL_UART_Receive_DMA  stm32f1xx_hal_uart.o
    0x08008770   0x00000002   Code   RO          470    i.HAL_UART_RxCpltCallback  main.o
    0x08008772   0x00000002   Code   RO         3375    i.HAL_UART_RxHalfCpltCallback  stm32f1xx_hal_uart.o
    0x08008774   0x000000ba   Code   RO         3376    i.HAL_UART_Transmit  stm32f1xx_hal_uart.o
    0x0800882e   0x00000002   Code   RO         3379    i.HAL_UART_TxCpltCallback  stm32f1xx_hal_uart.o
    0x08008830   0x00000002   Code   RO         1317    i.HardFault_Handler  stm32f1xx_it.o
    0x08008832   0x00000002   PAD
    0x08008834   0x00000048   Code   RO         5945    i.I2C_Ack           bsp_eeprom.o
    0x0800887c   0x00000054   Code   RO         5946    i.I2C_CheckDevice   bsp_eeprom.o
    0x080088d0   0x0000000c   Code   RO         5947    i.I2C_Delay         bsp_eeprom.o
    0x080088dc   0x00000038   Code   RO         5948    i.I2C_NAck          bsp_eeprom.o
    0x08008914   0x00000054   Code   RO         5949    i.I2C_ReadByte      bsp_eeprom.o
    0x08008968   0x00000068   Code   RO         5950    i.I2C_SendByte      bsp_eeprom.o
    0x080089d0   0x00000044   Code   RO         5951    i.I2C_Start         bsp_eeprom.o
    0x08008a14   0x00000034   Code   RO         5952    i.I2C_Stop          bsp_eeprom.o
    0x08008a48   0x0000004c   Code   RO         5953    i.I2C_WaitAck       bsp_eeprom.o
    0x08008a94   0x0000036c   Code   RO           13    i.Key_GetState      key.o
    0x08008e00   0x000001dc   Code   RO           14    i.Key_Scan          key.o
    0x08008fdc   0x00000014   Code   RO          330    i.Lcm_Disp_String   lcd19264.o
    0x08008ff0   0x00000040   Code   RO          331    i.Lcm_GotoXY        lcd19264.o
    0x08009030   0x00000066   Code   RO          332    i.Lcm_Init          lcd19264.o
    0x08009096   0x0000002a   Code   RO          333    i.Lcm_Wr_Command    lcd19264.o
    0x080090c0   0x0000002a   Code   RO          334    i.Lcm_Wr_Data       lcd19264.o
    0x080090ea   0x00000002   PAD
    0x080090ec   0x00000064   Code   RO          471    i.Lift_Motor        main.o
    0x08009150   0x000000cc   Code   RO          833    i.MX_ADC1_Init      adc.o
    0x0800921c   0x0000006c   Code   RO          873    i.MX_DMA_Init       dma.o
    0x08009288   0x00000080   Code   RO          897    i.MX_FREERTOS_Init  freertos.o
    0x08009308   0x00000188   Code   RO          807    i.MX_GPIO_Init      gpio.o
    0x08009490   0x00000074   Code   RO          973    i.MX_RTC_Init       rtc.o
    0x08009504   0x00000048   Code   RO         1036    i.MX_SPI1_Init      spi.o
    0x0800954c   0x00000068   Code   RO         1078    i.MX_TIM3_Init      tim.o
    0x080095b4   0x00000068   Code   RO         1079    i.MX_TIM4_Init      tim.o
    0x0800961c   0x00000044   Code   RO         1080    i.MX_TIM6_Init      tim.o
    0x08009660   0x00000038   Code   RO         1139    i.MX_UART4_Init     usart.o
    0x08009698   0x00000038   Code   RO         1140    i.MX_UART5_Init     usart.o
    0x080096d0   0x00000038   Code   RO         1141    i.MX_USART1_UART_Init  usart.o
    0x08009708   0x00000038   Code   RO         1142    i.MX_USART2_UART_Init  usart.o
    0x08009740   0x00000038   Code   RO         1143    i.MX_USART3_UART_Init  usart.o
    0x08009778   0x00000002   Code   RO         1318    i.MemManage_Handler  stm32f1xx_it.o
    0x0800977a   0x00000002   PAD
    0x0800977c   0x00000014   Code   RO           15    i.MenuInit          key.o
    0x08009790   0x000036ac   Code   RO           16    i.MenuSelectShow    key.o
    0x0800ce3c   0x00000002   Code   RO         1319    i.NMI_Handler       stm32f1xx_it.o
    0x0800ce3e   0x00000002   PAD
    0x0800ce40   0x00003a7c   Code   RO          472    i.Ohm_Temp          main.o
    0x080108bc   0x00000534   Code   RO           17    i.ParamRead         key.o
    0x08010df0   0x000005ac   Code   RO           18    i.ParamSave         key.o
    0x0801139c   0x000002fc   Code   RO           19    i.ParamSelect       key.o
    0x08011698   0x00000ef0   Code   RO           20    i.ParamSettingAdd   key.o
    0x08012588   0x00000da4   Code   RO           21    i.ParamSettingSub   key.o
    0x0801332c   0x00000020   Code   RO         1144    i.Query376Interrupt  usart.o
    0x0801334c   0x00000028   Code   RO          473    i.RTCTimeUpdate     main.o
    0x08013374   0x00000012   Code   RO         1838    i.RTC_Bcd2ToByte    stm32f1xx_hal_rtc.o
    0x08013386   0x00000016   Code   RO         1839    i.RTC_ByteToBcd2    stm32f1xx_hal_rtc.o
    0x0801339c   0x000000ae   Code   RO         1840    i.RTC_DateUpdate    stm32f1xx_hal_rtc.o
    0x0801344a   0x00000034   Code   RO         1841    i.RTC_EnterInitMode  stm32f1xx_hal_rtc.o
    0x0801347e   0x00000002   PAD
    0x08013480   0x00000036   Code   RO         1842    i.RTC_ExitInitMode  stm32f1xx_hal_rtc.o
    0x080134b6   0x0000000e   Code   RO         1843    i.RTC_ReadAlarmCounter  stm32f1xx_hal_rtc.o
    0x080134c4   0x00000020   Code   RO         1844    i.RTC_ReadTimeCounter  stm32f1xx_hal_rtc.o
    0x080134e4   0x00000056   Code   RO         1845    i.RTC_WeekDayNum    stm32f1xx_hal_rtc.o
    0x0801353a   0x00000028   Code   RO         1846    i.RTC_WriteAlarmCounter  stm32f1xx_hal_rtc.o
    0x08013562   0x00000028   Code   RO         1847    i.RTC_WriteTimeCounter  stm32f1xx_hal_rtc.o
    0x0801358a   0x00000002   PAD
    0x0801358c   0x00000278   Code   RO          474    i.Read_Parameter    main.o
    0x08013804   0x00000018   Code   RO          335    i.SIO               lcd19264.o
    0x0801381c   0x00000044   Code   RO         6396    i.SafeRemoveDisk    host.o
    0x08013860   0x0000035c   Code   RO          475    i.Scan              main.o
    0x08013bbc   0x00000cc4   Code   RO         6034    i.Send_Data         esp32.o
    0x08014880   0x000000c4   Code   RO          336    i.Senddata          lcd19264.o
    0x08014944   0x00000358   Code   RO          476    i.ShowTemp          main.o
    0x08014c9c   0x00000018   Code   RO          898    i.StartData_RX_TX_Task  freertos.o
    0x08014cb4   0x0000001c   Code   RO          899    i.StartDefrostTask  freertos.o
    0x08014cd0   0x00000018   Code   RO          900    i.StartDeviceCheckTask  freertos.o
    0x08014ce8   0x0000001c   Code   RO          901    i.StartFreezeTask   freertos.o
    0x08014d04   0x0000001c   Code   RO          902    i.StartTempShowask  freertos.o
    0x08014d20   0x000013c4   Code   RO         6035    i.StringCompare     esp32.o
    0x080160e4   0x000007e8   Code   RO         6036    i.StringCompare_s   esp32.o
    0x080168cc   0x000004dc   Code   RO          477    i.Switching_Value   main.o
    0x08016da8   0x0000002c   Code   RO         5830    i.SysTick_Handler   port.o
    0x08016dd4   0x00000086   Code   RO          478    i.SystemClock_Config  main.o
    0x08016e5a   0x00000002   PAD
    0x08016e5c   0x00000048   Code   RO         4645    i.SystemInit        system_stm32f1xx.o
    0x08016ea4   0x0000000c   Code   RO         1320    i.TIM1_UP_IRQHandler  stm32f1xx_it.o
    0x08016eb0   0x0000000c   Code   RO          480    i.TIM3_Enable       main.o
    0x08016ebc   0x0000000c   Code   RO         1321    i.TIM3_IRQHandler   stm32f1xx_it.o
    0x08016ec8   0x0000000c   Code   RO         1322    i.TIM4_IRQHandler   stm32f1xx_it.o
    0x08016ed4   0x0000008c   Code   RO         2505    i.TIM_Base_SetConfig  stm32f1xx_hal_tim.o
    0x08016f60   0x00000014   Code   RO         2516    i.TIM_ETR_SetConfig  stm32f1xx_hal_tim.o
    0x08016f74   0x00000010   Code   RO         2517    i.TIM_ITRx_SetConfig  stm32f1xx_hal_tim.o
    0x08016f84   0x00000022   Code   RO         2523    i.TIM_TI1_ConfigInputStage  stm32f1xx_hal_tim.o
    0x08016fa6   0x00000024   Code   RO         2525    i.TIM_TI2_ConfigInputStage  stm32f1xx_hal_tim.o
    0x08016fca   0x00000002   PAD
    0x08016fcc   0x000000ac   Code   RO          483    i.Temperature_Alarm  main.o
    0x08017078   0x00000018   Code   RO         1323    i.UART4_IRQHandler  stm32f1xx_it.o
    0x08017090   0x0000000c   Code   RO         1324    i.UART5_IRQHandler  stm32f1xx_it.o
    0x0801709c   0x00000010   Code   RO         3381    i.UART_DMAAbortOnError  stm32f1xx_hal_uart.o
    0x080170ac   0x0000004a   Code   RO         3382    i.UART_DMAError     stm32f1xx_hal_uart.o
    0x080170f6   0x0000003c   Code   RO         3383    i.UART_DMAReceiveCplt  stm32f1xx_hal_uart.o
    0x08017132   0x0000000a   Code   RO         3385    i.UART_DMARxHalfCplt  stm32f1xx_hal_uart.o
    0x0801713c   0x0000001c   Code   RO         3391    i.UART_EndRxTransfer  stm32f1xx_hal_uart.o
    0x08017158   0x00000012   Code   RO         3392    i.UART_EndTxTransfer  stm32f1xx_hal_uart.o
    0x0801716a   0x00000096   Code   RO         3393    i.UART_Receive_IT   stm32f1xx_hal_uart.o
    0x08017200   0x000000b8   Code   RO         3394    i.UART_SetConfig    stm32f1xx_hal_uart.o
    0x080172b8   0x00000062   Code   RO         3395    i.UART_Transmit_IT  stm32f1xx_hal_uart.o
    0x0801731a   0x00000064   Code   RO         3396    i.UART_WaitOnFlagUntilTimeout  stm32f1xx_hal_uart.o
    0x0801737e   0x00000002   PAD
    0x08017380   0x00000034   Code   RO          485    i.UDiskRemove       main.o
    0x080173b4   0x00000018   Code   RO         1325    i.USART1_IRQHandler  stm32f1xx_it.o
    0x080173cc   0x00000018   Code   RO         1326    i.USART2_IRQHandler  stm32f1xx_it.o
    0x080173e4   0x0000000c   Code   RO         1327    i.USART3_IRQHandler  stm32f1xx_it.o
    0x080173f0   0x00000038   Code   RO         1145    i.Uart4_Printf      usart.o
    0x08017428   0x00000040   Code   RO          486    i.Uart_RX_TX        main.o
    0x08017468   0x00000002   Code   RO         1328    i.UsageFault_Handler  stm32f1xx_it.o
    0x0801746a   0x00000002   PAD
    0x0801746c   0x00000038   Code   RO         1147    i.Usart2_Printf     usart.o
    0x080174a4   0x00000002   Code   RO         1148    i.Usart3_Printf     usart.o
    0x080174a6   0x00000002   PAD
    0x080174a8   0x00000048   Code   RO         1149    i.UsartReceive_IDLE1  usart.o
    0x080174f0   0x0000004c   Code   RO         1150    i.UsartReceive_IDLE2  usart.o
    0x0801753c   0x00000044   Code   RO         1152    i.UsartReceive_IDLE4  usart.o
    0x08017580   0x00000078   Code   RO          487    i.Vaporization_Relay  main.o
    0x080175f8   0x00000024   Code   RO         6148    i.Wait376Interrupt  file_sys.o
    0x0801761c   0x00000020   Code   RO         6770    i.__0printf         mc_w.l(printfa.o)
    0x0801763c   0x00000028   Code   RO         6772    i.__0sprintf        mc_w.l(printfa.o)
    0x08017664   0x00000024   Code   RO         6776    i.__0vsprintf       mc_w.l(printfa.o)
    0x08017688   0x00000020   Code   RO         4157    i.__NVIC_SetPriority  stm32f1xx_hal_cortex.o
    0x080176a8   0x00000008   Code   RO         6865    i.__aeabi_errno_addr  mc_w.l(errno.o)
    0x080176b0   0x0000000c   Code   RO         6866    i.__read_errno      mc_w.l(errno.o)
    0x080176bc   0x0000000e   Code   RO         6934    i.__scatterload_copy  mc_w.l(handlers.o)
    0x080176ca   0x00000002   Code   RO         6935    i.__scatterload_null  mc_w.l(handlers.o)
    0x080176cc   0x0000000e   Code   RO         6936    i.__scatterload_zeroinit  mc_w.l(handlers.o)
    0x080176da   0x00000002   PAD
    0x080176dc   0x0000000c   Code   RO         6867    i.__set_errno       mc_w.l(errno.o)
    0x080176e8   0x00000164   Code   RO         6777    i._fp_digits        mc_w.l(printfa.o)
    0x0801784c   0x0000000e   Code   RO         6919    i._is_digit         mc_w.l(scanf_fp.o)
    0x0801785a   0x00000002   PAD
    0x0801785c   0x000006dc   Code   RO         6778    i._printf_core      mc_w.l(printfa.o)
    0x08017f38   0x00000024   Code   RO         6779    i._printf_post_padding  mc_w.l(printfa.o)
    0x08017f5c   0x0000002e   Code   RO         6780    i._printf_pre_padding  mc_w.l(printfa.o)
    0x08017f8a   0x0000000a   Code   RO         6782    i._sputc            mc_w.l(printfa.o)
    0x08017f94   0x0000002a   Code   RO         6506    i.atof              m_ws.l(atof.o)
    0x08017fbe   0x00000002   PAD
    0x08017fc0   0x00000018   Code   RO         1155    i.fputc             usart.o
    0x08017fd8   0x00000088   Code   RO         6398    i.mInitCH376Host    host.o
    0x08018060   0x000001ec   Code   RO          489    i.main              main.o
    0x0801824c   0x0000000c   Code   RO         5401    i.makeFreeRtosPriority  cmsis_os.o
    0x08018258   0x0000000e   Code   RO         5403    i.osDelay           cmsis_os.o
    0x08018266   0x0000000a   Code   RO         5406    i.osKernelStart     cmsis_os.o
    0x08018270   0x0000002e   Code   RO         5440    i.osThreadCreate    cmsis_os.o
    0x0801829e   0x00000002   PAD
    0x080182a0   0x000003d4   Code   RO           22    i.otherdis          key.o
    0x08018674   0x00000298   Code   RO           23    i.p31_p32           key.o
    0x0801890c   0x00000070   Code   RO         5104    i.prvAddCurrentTaskToDelayedList  tasks.o
    0x0801897c   0x000000d0   Code   RO         5105    i.prvAddNewTaskToReadyList  tasks.o
    0x08018a4c   0x00000014   Code   RO         5106    i.prvDeleteTCB      tasks.o
    0x08018a60   0x00000048   Code   RO         5768    i.prvHeapInit       heap_4.o
    0x08018aa8   0x00000060   Code   RO         5107    i.prvIdleTask       tasks.o
    0x08018b08   0x0000008e   Code   RO         5108    i.prvInitialiseNewTask  tasks.o
    0x08018b96   0x00000002   PAD
    0x08018b98   0x0000004c   Code   RO         5769    i.prvInsertBlockIntoFreeList  heap_4.o
    0x08018be4   0x00000020   Code   RO         5109    i.prvResetNextTaskUnblockTime  tasks.o
    0x08018c04   0x00000028   Code   RO         5831    i.prvTaskExitError  port.o
    0x08018c2c   0x000000d8   Code   RO         5770    i.pvPortMalloc      heap_4.o
    0x08018d04   0x00000024   Code   RO         5832    i.pxPortInitialiseStack  port.o
    0x08018d28   0x00000428   Code   RO          490    i.readUdisk         main.o
    0x08019150   0x00000020   Code   RO          491    i.task_Defrost      main.o
    0x08019170   0x0000000e   Code   RO          492    i.task_DeviceCheck  main.o
    0x0801917e   0x00000002   PAD
    0x08019180   0x0000001c   Code   RO          493    i.task_Freeze       main.o
    0x0801919c   0x00000004   Code   RO          494    i.task_RX_TX        main.o
    0x080191a0   0x00000024   Code   RO          495    i.task_TempShow     main.o
    0x080191c4   0x00000030   Code   RO          496    i.usb_test          main.o
    0x080191f4   0x00000026   Code   RO         4777    i.uxListRemove      list.o
    0x0801921a   0x00000002   Code   RO          903    i.vApplicationStackOverflowHook  freertos.o
    0x0801921c   0x00000016   Code   RO         4778    i.vListInitialise   list.o
    0x08019232   0x00000006   Code   RO         4779    i.vListInitialiseItem  list.o
    0x08019238   0x00000030   Code   RO         4780    i.vListInsert       list.o
    0x08019268   0x00000018   Code   RO         4781    i.vListInsertEnd    list.o
    0x08019280   0x00000040   Code   RO         5834    i.vPortEnterCritical  port.o
    0x080192c0   0x00000028   Code   RO         5835    i.vPortExitCritical  port.o
    0x080192e8   0x0000005c   Code   RO         5771    i.vPortFree         heap_4.o
    0x08019344   0x00000024   Code   RO         5836    i.vPortSetupTimerInterrupt  port.o
    0x08019368   0x0000004c   Code   RO         5117    i.vTaskDelay        tasks.o
    0x080193b4   0x00000068   Code   RO         5130    i.vTaskStartScheduler  tasks.o
    0x0801941c   0x00000010   Code   RO         5132    i.vTaskSuspendAll   tasks.o
    0x0801942c   0x00000074   Code   RO         5133    i.vTaskSwitchContext  tasks.o
    0x080194a0   0x00000244   Code   RO          497    i.writeUDisk        main.o
    0x080196e4   0x000000a8   Code   RO         5838    i.xPortStartScheduler  port.o
    0x0801978c   0x00000020   Code   RO         1156    i.xReadCH376Data    usart.o
    0x080197ac   0x00000056   Code   RO         5135    i.xTaskCreate       tasks.o
    0x08019802   0x00000002   PAD
    0x08019804   0x000000c8   Code   RO         5142    i.xTaskIncrementTick  tasks.o
    0x080198cc   0x000000c4   Code   RO         5148    i.xTaskResumeAll    tasks.o
    0x08019990   0x0000003c   Code   RO         1157    i.xWriteCH376Cmd    usart.o
    0x080199cc   0x00000014   Code   RO         1158    i.xWriteCH376Data   usart.o
    0x080199e0   0x0000001e   Data   RO           24    .constdata          key.o
    0x080199fe   0x00000002   PAD
    0x08019a00   0x00000064   Data   RO          904    .constdata          freertos.o
    0x08019a64   0x00000010   Data   RO         4646    .constdata          system_stm32f1xx.o
    0x08019a74   0x00000008   Data   RO         4647    .constdata          system_stm32f1xx.o
    0x08019a7c   0x000002a0   Data   RO         6038    .constdata          esp32.o
    0x08019d1c   0x00000081   Data   RO         6890    .constdata          mc_w.l(ctype_o.o)
    0x08019d9d   0x00000003   PAD
    0x08019da0   0x00000004   Data   RO         6891    .constdata          mc_w.l(ctype_o.o)
    0x08019da4   0x000000db   Data   RO          501    .conststring        main.o
    0x08019e7f   0x00000001   PAD
    0x08019e80   0x00000044   Data   RO          905    .conststring        freertos.o
    0x08019ec4   0x00000753   Data   RO         6039    .conststring        esp32.o
    0x0801a617   0x00000001   PAD
    0x0801a618   0x00000020   Data   RO         6932    Region$$Table       anon$$obj.o


    Execution Region RW_IRAM1 (Base: 0x20000000, Size: 0x0000a5a0, Max: 0x00010000, ABSOLUTE, COMPRESSED[0x00000168])

    Base Addr    Size         Type   Attr      Idx    E Section Name        Object

    0x20000000   0x00000081   Data   RW           25    .data               key.o
    0x20000081   0x00000001   Data   RW          340    .data               lcd19264.o
    0x20000082   0x00000002   PAD
    0x20000084   0x000001ea   Data   RW          502    .data               main.o
    0x2000026e   0x00000001   Data   RW          504    .data               main.o
    0x2000026f   0x00000001   Data   RW          510    .data               main.o
    0x20000270   0x00000014   Data   RW          906    .data               freertos.o
    0x20000284   0x0000000c   Data   RW          977    .data               rtc.o
    0x20000290   0x0000000c   Data   RW         3694    .data               stm32f1xx_hal.o
    0x2000029c   0x00000004   Data   RW         4648    .data               system_stm32f1xx.o
    0x200002a0   0x0000003c   Data   RW         5151    .data               tasks.o
    0x200002dc   0x00000018   Data   RW         5776    .data               heap_4.o
    0x200002f4   0x0000000c   Data   RW         5839    .data               port.o
    0x20000300   0x000001e0   Data   RW         6040    .data               esp32.o
    0x200004e0   0x00000008   Data   RW         6400    .data               host.o
    0x200004e8   0x00000004   Data   RW         6530    .data               mc_w.l(strtok.o)
    0x200004ec   0x00000004   Data   RW         6850    .data               mc_w.l(stdout.o)
    0x200004f0   0x00000004   Data   RW         6868    .data               mc_w.l(errno.o)
    0x200004f4   0x0000017e   Zero   RW          498    .bss                main.o
    0x20000672   0x00000002   PAD
    0x20000674   0x00000074   Zero   RW          834    .bss                adc.o
    0x200006e8   0x00000050   Zero   RW          976    .bss                rtc.o
    0x20000738   0x00000058   Zero   RW         1037    .bss                spi.o
    0x20000790   0x000000c0   Zero   RW         1082    .bss                tim.o
    0x20000850   0x00002624   Zero   RW         1159    .bss                usart.o
    0x20002e74   0x00000040   Zero   RW         1473    .bss                stm32f1xx_hal_timebase_tim.o
    0x20002eb4   0x000000f0   Zero   RW         5150    .bss                tasks.o
    0x20002fa4   0x000059d8   Zero   RW         5775    .bss                heap_4.o
    0x2000897c   0x00000200   Zero   RW         5911    .bss                at24cxx.o
    0x20008b7c   0x0000115e   Zero   RW         6037    .bss                esp32.o
    0x20009cda   0x000000bf   Zero   RW         6399    .bss                host.o
    0x20009d99   0x00000007   PAD
    0x20009da0   0x00000800   Zero   RW            1    STACK               startup_stm32f103xe.o


==============================================================================

Image component sizes


      Code (inc. data)   RO Data    RW Data    ZI Data      Debug   Object Name

       396         32          0          0        116       2099   adc.o
       104         10          0          0        512       2046   at24cxx.o
       854         46          0          0          0       8290   bsp_eeprom.o
        82          0          0          0          0      13121   cmsis_os.o
       108          4          0          0          0        918   dma.o
     16852       3836       2547        480       4446      16996   esp32.o
         0          0          0          0          0       9744   event_groups.o
       704          4          0          0          0      25358   file_sys.o
       262         30        168         20          0       5008   freertos.o
       392         26          0          0          0       1199   gpio.o
       456         22          0         24      23000       7671   heap_4.o
       256         16          0          8        191      15242   host.o
     27876       8022         30        129          0     578698   key.o
       580         26          0          1          0       7312   lcd19264.o
       138          0          0          0          0       3770   list.o
     34678       7714        219        492        382      56331   main.o
       578         60          0         12          0      11024   port.o
       168         20          0         12         80       3153   rtc.o
       184         24          0          0         88       1861   spi.o
        36          8        304          0       2048        864   startup_stm32f103xe.o
       100         18          0         12          0       6282   stm32f1xx_hal.o
      1352         58          0          0          0      10726   stm32f1xx_hal_adc.o
       202          6          0          0          0       2147   stm32f1xx_hal_adc_ex.o
       158         14          0          0          0      28498   stm32f1xx_hal_cortex.o
      1236         52          0          0          0       5554   stm32f1xx_hal_dma.o
       524         42          0          0          0       3775   stm32f1xx_hal_gpio.o
        72         10          0          0          0        970   stm32f1xx_hal_msp.o
        12          4          0          0          0        575   stm32f1xx_hal_pwr.o
      1336        110          0          0          0       6257   stm32f1xx_hal_rcc.o
       448         44          0          0          0       2753   stm32f1xx_hal_rcc_ex.o
      1412         14          0          0          0      13764   stm32f1xx_hal_rtc.o
       124          0          0          0          0       1323   stm32f1xx_hal_spi.o
       956         20          0          0          0      11068   stm32f1xx_hal_tim.o
        70          0          0          0          0       2597   stm32f1xx_hal_tim_ex.o
       116         18          0          0         64       1579   stm32f1xx_hal_timebase_tim.o
      1724         26          0          0          0      15232   stm32f1xx_hal_uart.o
       204         78          0          0          0       9448   stm32f1xx_it.o
        72         16         24          4          0       1343   system_stm32f1xx.o
      1404        110          0         60        240      15498   tasks.o
       400         44          0          0        192       3228   tim.o
      1482        152          0          0       9764      16126   usart.o

    ----------------------------------------------------------------------
     98164      20736       3328       1256      41132     929448   Object Totals
         0          0         32          0          0          0   (incl. Generated)
        56          0          4          2          9          0   (incl. Padding)

    ----------------------------------------------------------------------

      Code (inc. data)   RO Data    RW Data    ZI Data      Debug   Library Member Name

        42          0          0          0          0         84   atof.o
        86          0          0          0          0          0   __dczerorl2.o
        28          0          0          0          0         68   _chval.o
        64          0          0          0          0         84   _sgetc.o
       158          0          0          0          0         92   _strtoul.o
        26          0          0          0          0         80   atoi.o
         8          4        133          0          0         68   ctype_o.o
         0          0          0          0          0          0   entry.o
         0          0          0          0          0          0   entry10a.o
         0          0          0          0          0          0   entry11a.o
         8          4          0          0          0          0   entry2.o
         4          0          0          0          0          0   entry5.o
         0          0          0          0          0          0   entry7b.o
         0          0          0          0          0          0   entry8b.o
         8          4          0          0          0          0   entry9a.o
        32         16          0          4          0        204   errno.o
        30          0          0          0          0          0   handlers.o
        36          8          0          0          0         68   init.o
        18          0          0          0          0         76   isspace_o.o
         0          0          0          0          0          0   iusefp.o
        30          0          0          0          0         68   llshl.o
        36          0          0          0          0         68   llsshr.o
        32          0          0          0          0         68   llushr.o
        26          0          0          0          0         80   memcmp.o
        36          0          0          0          0         68   memcpya.o
        36          0          0          0          0        108   memseta.o
      2312        102          0          0          0        676   printfa.o
       838         12          0          0          0        216   scanf_fp.o
         0          0          0          4          0          0   stdout.o
        14          0          0          0          0         68   strlen.o
        36          0          0          0          0         80   strstr.o
       156         14          0          0          0        120   strtod.o
        68          6          0          4          0         80   strtok.o
       112          0          0          0          0         88   strtol.o
        44          0          0          0          0         80   uidiv.o
        98          0          0          0          0         92   uldiv.o
        48          0          0          0          0         68   cdcmple.o
        48          0          0          0          0         68   cdrcmple.o
        20          0          0          0          0         68   cfcmple.o
        20          0          0          0          0         68   cfrcmple.o
        56          0          0          0          0         88   d2f.o
       334          0          0          0          0        148   dadd.o
       222          0          0          0          0        100   ddiv.o
       186          0          0          0          0        176   depilogue.o
        62          0          0          0          0         80   dfixi.o
        48          0          0          0          0         68   dfixul.o
        34          0          0          0          0         76   dflti.o
        26          0          0          0          0         76   dfltui.o
        24          0          0          0          0         76   dfltul.o
       228          0          0          0          0         96   dmul.o
        46          0          0          0          0         80   dscalb.o
        38          0          0          0          0         68   f2d.o
       176          0          0          0          0        140   fadd.o
       124          0          0          0          0         88   fdiv.o
       110          0          0          0          0        168   fepilogue.o
        50          0          0          0          0         68   ffixi.o
        18          0          0          0          0         68   fflti.o
        10          0          0          0          0         68   ffltui.o
       100          0          0          0          0         76   fmul.o

    ----------------------------------------------------------------------
      6460        170        136         12          0       4864   Library Totals
        10          0          3          0          0          0   (incl. Padding)

    ----------------------------------------------------------------------

      Code (inc. data)   RO Data    RW Data    ZI Data      Debug   Library Name

        42          0          0          0          0         84   m_ws.l
      4380        170        133         12          0       2700   mc_w.l
      2028          0          0          0          0       2080   mf_w.l

    ----------------------------------------------------------------------
      6460        170        136         12          0       4864   Library Totals

    ----------------------------------------------------------------------

==============================================================================


      Code (inc. data)   RO Data    RW Data    ZI Data      Debug   

    104624      20906       3464       1268      41132     916864   Grand Totals
    104624      20906       3464        360      41132     916864   ELF Image Totals (compressed)
    104624      20906       3464        360          0          0   ROM Totals

==============================================================================

    Total RO  Size (Code + RO Data)               108088 ( 105.55kB)
    Total RW  Size (RW Data + ZI Data)             42400 (  41.41kB)
    Total ROM Size (Code + RO Data + RW Data)     108448 ( 105.91kB)

==============================================================================

